Component: ARM Compiler 5.06 update 7 (build 960) Tool: armlink [4d3601]

==============================================================================

Section Cross References

    startup_stm32f407xx.o(STACK) refers (Special) to heapauxi.o(.text) for __use_two_region_memory
    startup_stm32f407xx.o(HEAP) refers (Special) to heapauxi.o(.text) for __use_two_region_memory
    startup_stm32f407xx.o(RESET) refers (Special) to heapauxi.o(.text) for __use_two_region_memory
    startup_stm32f407xx.o(RESET) refers to startup_stm32f407xx.o(STACK) for __initial_sp
    startup_stm32f407xx.o(RESET) refers to startup_stm32f407xx.o(.text) for Reset_Handler
    startup_stm32f407xx.o(RESET) refers to stm32f4xx_it.o(i.NMI_Handler) for NMI_Handler
    startup_stm32f407xx.o(RESET) refers to stm32f4xx_it.o(i.HardFault_Handler) for HardFault_Handler
    startup_stm32f407xx.o(RESET) refers to stm32f4xx_it.o(i.MemManage_Handler) for MemManage_Handler
    startup_stm32f407xx.o(RESET) refers to stm32f4xx_it.o(i.BusFault_Handler) for BusFault_Handler
    startup_stm32f407xx.o(RESET) refers to stm32f4xx_it.o(i.UsageFault_Handler) for UsageFault_Handler
    startup_stm32f407xx.o(RESET) refers to port.o(.emb_text) for SVC_Handler
    startup_stm32f407xx.o(RESET) refers to stm32f4xx_it.o(i.DebugMon_Handler) for DebugMon_Handler
    startup_stm32f407xx.o(RESET) refers to stm32f4xx_it.o(i.SysTick_Handler) for SysTick_Handler
    startup_stm32f407xx.o(RESET) refers to stm32f4xx_it.o(i.DMA2_Stream2_IRQHandler) for DMA2_Stream2_IRQHandler
    startup_stm32f407xx.o(.text) refers (Special) to heapauxi.o(.text) for __use_two_region_memory
    startup_stm32f407xx.o(.text) refers to system_stm32f4xx.o(i.SystemInit) for SystemInit
    startup_stm32f407xx.o(.text) refers to __main.o(!!!main) for __main
    startup_stm32f407xx.o(.text) refers to startup_stm32f407xx.o(HEAP) for Heap_Mem
    startup_stm32f407xx.o(.text) refers to startup_stm32f407xx.o(STACK) for Stack_Mem
    main.o(i.SystemClock_Config) refers to rt_memclr_w.o(.text) for __aeabi_memclr4
    main.o(i.SystemClock_Config) refers to stm32f4xx_hal_rcc.o(i.HAL_RCC_OscConfig) for HAL_RCC_OscConfig
    main.o(i.SystemClock_Config) refers to stm32f4xx_hal_rcc.o(i.HAL_RCC_ClockConfig) for HAL_RCC_ClockConfig
    main.o(i.main) refers to stm32f4xx_hal.o(i.HAL_Init) for HAL_Init
    main.o(i.main) refers to main.o(i.SystemClock_Config) for SystemClock_Config
    main.o(i.main) refers to gpio.o(i.MX_GPIO_Init) for MX_GPIO_Init
    main.o(i.main) refers to tim.o(i.MX_TIM1_Init) for MX_TIM1_Init
    main.o(i.main) refers to dma.o(i.MX_DMA_Init) for MX_DMA_Init
    main.o(i.main) refers to usart.o(i.MX_USART1_UART_Init) for MX_USART1_UART_Init
    main.o(i.main) refers to stm32f4xx_hal_tim.o(i.HAL_TIM_Base_Start) for HAL_TIM_Base_Start
    main.o(i.main) refers to stm32f4xx_hal_tim.o(i.HAL_TIM_PWM_Start) for HAL_TIM_PWM_Start
    main.o(i.main) refers to freertos.o(i.MX_FREERTOS_Init) for MX_FREERTOS_Init
    main.o(i.main) refers to cmsis_os.o(i.osKernelStart) for osKernelStart
    main.o(i.main) refers to tim.o(.bss) for htim1
    gpio.o(i.MX_GPIO_Init) refers to rt_memclr_w.o(.text) for __aeabi_memclr4
    gpio.o(i.MX_GPIO_Init) refers to stm32f4xx_hal_gpio.o(i.HAL_GPIO_WritePin) for HAL_GPIO_WritePin
    gpio.o(i.MX_GPIO_Init) refers to stm32f4xx_hal_gpio.o(i.HAL_GPIO_Init) for HAL_GPIO_Init
    freertos.o(i.MX_FREERTOS_Init) refers to rt_memcpy_w.o(.text) for __aeabi_memcpy4
    freertos.o(i.MX_FREERTOS_Init) refers to cmsis_os.o(i.osThreadCreate) for osThreadCreate
    freertos.o(i.MX_FREERTOS_Init) refers to freertos.o(.constdata) for .constdata
    freertos.o(i.MX_FREERTOS_Init) refers to freertos.o(.data) for .data
    freertos.o(i.StartDefaultTask) refers to cmsis_os.o(i.osDelay) for osDelay
    freertos.o(i.vApplicationGetIdleTaskMemory) refers to freertos.o(.bss) for .bss
    freertos.o(.constdata) refers to freertos.o(.conststring) for .conststring
    freertos.o(.constdata) refers to freertos.o(i.StartDefaultTask) for StartDefaultTask
    freertos.o(.constdata) refers to coder.o(i.coder) for coder
    dma.o(i.MX_DMA_Init) refers to stm32f4xx_hal_cortex.o(i.HAL_NVIC_SetPriority) for HAL_NVIC_SetPriority
    dma.o(i.MX_DMA_Init) refers to stm32f4xx_hal_cortex.o(i.HAL_NVIC_EnableIRQ) for HAL_NVIC_EnableIRQ
    tim.o(i.HAL_TIM_MspPostInit) refers to rt_memclr_w.o(.text) for __aeabi_memclr4
    tim.o(i.HAL_TIM_MspPostInit) refers to stm32f4xx_hal_gpio.o(i.HAL_GPIO_Init) for HAL_GPIO_Init
    tim.o(i.MX_TIM1_Init) refers to rt_memclr_w.o(.text) for __aeabi_memclr4
    tim.o(i.MX_TIM1_Init) refers to stm32f4xx_hal_tim.o(i.HAL_TIM_Base_Init) for HAL_TIM_Base_Init
    tim.o(i.MX_TIM1_Init) refers to main.o(i.Error_Handler) for Error_Handler
    tim.o(i.MX_TIM1_Init) refers to stm32f4xx_hal_tim.o(i.HAL_TIM_ConfigClockSource) for HAL_TIM_ConfigClockSource
    tim.o(i.MX_TIM1_Init) refers to stm32f4xx_hal_tim.o(i.HAL_TIM_PWM_Init) for HAL_TIM_PWM_Init
[...]
    i.MX_USART1_UART_Init                    0x08001a20   Section        0  usart.o(i.MX_USART1_UART_Init)
    i.MemManage_Handler                      0x08001a58   Section        0  stm32f4xx_it.o(i.MemManage_Handler)
    i.NMI_Handler                            0x08001a5a   Section        0  stm32f4xx_it.o(i.NMI_Handler)
    i.StartDefaultTask                       0x08001a5c   Section        0  freertos.o(i.StartDefaultTask)
    i.SysTick_Handler                        0x08001a64   Section        0  stm32f4xx_it.o(i.SysTick_Handler)
    i.SystemClock_Config                     0x08001a7c   Section        0  main.o(i.SystemClock_Config)
    i.SystemInit                             0x08001b10   Section        0  system_stm32f4xx.o(i.SystemInit)
    i.TIM_Base_SetConfig                     0x08001b20   Section        0  stm32f4xx_hal_tim.o(i.TIM_Base_SetConfig)
    i.TIM_CCxChannelCmd                      0x08001be8   Section        0  stm32f4xx_hal_tim.o(i.TIM_CCxChannelCmd)
    i.TIM_ETR_SetConfig                      0x08001c02   Section        0  stm32f4xx_hal_tim.o(i.TIM_ETR_SetConfig)
    i.TIM_ITRx_SetConfig                     0x08001c16   Section        0  stm32f4xx_hal_tim.o(i.TIM_ITRx_SetConfig)
    TIM_ITRx_SetConfig                       0x08001c17   Thumb Code    16  stm32f4xx_hal_tim.o(i.TIM_ITRx_SetConfig)
    i.TIM_OC1_SetConfig                      0x08001c28   Section        0  stm32f4xx_hal_tim.o(i.TIM_OC1_SetConfig)
    TIM_OC1_SetConfig                        0x08001c29   Thumb Code    88  stm32f4xx_hal_tim.o(i.TIM_OC1_SetConfig)
    i.TIM_OC2_SetConfig                      0x08001c88   Section        0  stm32f4xx_hal_tim.o(i.TIM_OC2_SetConfig)
    i.TIM_OC3_SetConfig                      0x08001cf4   Section        0  stm32f4xx_hal_tim.o(i.TIM_OC3_SetConfig)
    TIM_OC3_SetConfig                        0x08001cf5   Thumb Code    96  stm32f4xx_hal_tim.o(i.TIM_OC3_SetConfig)
    i.TIM_OC4_SetConfig                      0x08001d5c   Section        0  stm32f4xx_hal_tim.o(i.TIM_OC4_SetConfig)
    TIM_OC4_SetConfig                        0x08001d5d   Thumb Code    70  stm32f4xx_hal_tim.o(i.TIM_OC4_SetConfig)
    i.TIM_TI1_ConfigInputStage               0x08001dac   Section        0  stm32f4xx_hal_tim.o(i.TIM_TI1_ConfigInputStage)
    TIM_TI1_ConfigInputStage                 0x08001dad   Thumb Code    34  stm32f4xx_hal_tim.o(i.TIM_TI1_ConfigInputStage)
    i.TIM_TI2_ConfigInputStage               0x08001dce   Section        0  stm32f4xx_hal_tim.o(i.TIM_TI2_ConfigInputStage)
    TIM_TI2_ConfigInputStage                 0x08001dcf   Thumb Code    36  stm32f4xx_hal_tim.o(i.TIM_TI2_ConfigInputStage)
    i.UART_DMAError                          0x08001df2   Section        0  stm32f4xx_hal_uart.o(i.UART_DMAError)
    UART_DMAError                            0x08001df3   Thumb Code    74  stm32f4xx_hal_uart.o(i.UART_DMAError)
    i.UART_DMAReceiveCplt                    0x08001e3c   Section        0  stm32f4xx_hal_uart.o(i.UART_DMAReceiveCplt)
    UART_DMAReceiveCplt                      0x08001e3d   Thumb Code   130  stm32f4xx_hal_uart.o(i.UART_DMAReceiveCplt)
    i.UART_DMARxHalfCplt                     0x08001ebe   Section        0  stm32f4xx_hal_uart.o(i.UART_DMARxHalfCplt)
    UART_DMARxHalfCplt                       0x08001ebf   Thumb Code    26  stm32f4xx_hal_uart.o(i.UART_DMARxHalfCplt)
    i.UART_EndRxTransfer                     0x08001ed8   Section        0  stm32f4xx_hal_uart.o(i.UART_EndRxTransfer)
    UART_EndRxTransfer                       0x08001ed9   Thumb Code    78  stm32f4xx_hal_uart.o(i.UART_EndRxTransfer)
    i.UART_EndTxTransfer                     0x08001f26   Section        0  stm32f4xx_hal_uart.o(i.UART_EndTxTransfer)
    UART_EndTxTransfer                       0x08001f27   Thumb Code    28  stm32f4xx_hal_uart.o(i.UART_EndTxTransfer)
    i.UART_SetConfig                         0x08001f44   Section        0  stm32f4xx_hal_uart.o(i.UART_SetConfig)
    UART_SetConfig                           0x08001f45   Thumb Code   258  stm32f4xx_hal_uart.o(i.UART_SetConfig)
    i.UART_Start_Receive_DMA                 0x08002050   Section        0  stm32f4xx_hal_uart.o(i.UART_Start_Receive_DMA)
    i.UsageFault_Handler                     0x080020e0   Section        0  stm32f4xx_it.o(i.UsageFault_Handler)
    i.__ARM_fpclassify                       0x080020e2   Section        0  fpclassify.o(i.__ARM_fpclassify)
    i.__NVIC_SetPriority                     0x08002112   Section        0  stm32f4xx_hal_cortex.o(i.__NVIC_SetPriority)
    __NVIC_SetPriority                       0x08002113   Thumb Code    32  stm32f4xx_hal_cortex.o(i.__NVIC_SetPriority)
    i.__hardfp_pow                           0x08002138   Section        0  pow.o(i.__hardfp_pow)
    i.__kernel_poly                          0x08002d88   Section        0  poly.o(i.__kernel_poly)
    i.__mathlib_dbl_divzero                  0x08002e80   Section        0  dunder.o(i.__mathlib_dbl_divzero)
    i.__mathlib_dbl_infnan2                  0x08002eb0   Section        0  dunder.o(i.__mathlib_dbl_infnan2)
    i.__mathlib_dbl_invalid                  0x08002ec8   Section        0  dunder.o(i.__mathlib_dbl_invalid)
    i.__mathlib_dbl_overflow                 0x08002ee8   Section        0  dunder.o(i.__mathlib_dbl_overflow)
    i.__mathlib_dbl_underflow                0x08002f08   Section        0  dunder.o(i.__mathlib_dbl_underflow)
    i.coder                                  0x08002f28   Section        0  coder.o(i.coder)
    i.fabs                                   0x08002f40   Section        0  fabs.o(i.fabs)
    i.main                                   0x08002f58   Section        0  main.o(i.main)
    i.makeFreeRtosPriority                   0x08002f8c   Section        0  cmsis_os.o(i.makeFreeRtosPriority)
    makeFreeRtosPriority                     0x08002f8d   Thumb Code    12  cmsis_os.o(i.makeFreeRtosPriority)
    i.osDelay                                0x08002f98   Section        0  cmsis_os.o(i.osDelay)
    i.osKernelStart                          0x08002fa6   Section        0  cmsis_os.o(i.osKernelStart)
    i.osThreadCreate                         0x08002fb0   Section        0  cmsis_os.o(i.osThreadCreate)
    i.prvAddCurrentTaskToDelayedList         0x08003004   Section        0  tasks.o(i.prvAddCurrentTaskToDelayedList)
    prvAddCurrentTaskToDelayedList           0x08003005   Thumb Code   102  tasks.o(i.prvAddCurrentTaskToDelayedList)
    i.prvAddNewTaskToReadyList               0x08003074   Section        0  tasks.o(i.prvAddNewTaskToReadyList)
    prvAddNewTaskToReadyList                 0x08003075   Thumb Code   194  tasks.o(i.prvAddNewTaskToReadyList)
    i.prvDeleteTCB                           0x08003144   Section        0  tasks.o(i.prvDeleteTCB)
    prvDeleteTCB                             0x08003145   Thumb Code    52  tasks.o(i.prvDeleteTCB)
    i.prvHeapInit                            0x08003178   Section        0  heap_4.o(i.prvHeapInit)
    prvHeapInit                              0x08003179   Thumb Code    66  heap_4.o(i.prvHeapInit)
    i.prvIdleTask                            0x080031c4   Section        0  tasks.o(i.prvIdleTask)
    prvIdleTask                              0x080031c5   Thumb Code    82  tasks.o(i.prvIdleTask)
    i.prvInitialiseNewTask                   0x08003224   Section        0  tasks.o(i.prvInitialiseNewTask)
    prvInitialiseNewTask                     0x08003225   Thumb Code   152  tasks.o(i.prvInitialiseNewTask)
    i.prvInsertBlockIntoFreeList             0x080032bc   Section        0  heap_4.o(i.prvInsertBlockIntoFreeList)
    prvInsertBlockIntoFreeList               0x080032bd   Thumb Code    72  heap_4.o(i.prvInsertBlockIntoFreeList)
    i.prvResetNextTaskUnblockTime            0x08003308   Section        0  tasks.o(i.prvResetNextTaskUnblockTime)
    prvResetNextTaskUnblockTime              0x08003309   Thumb Code    26  tasks.o(i.prvResetNextTaskUnblockTime)
    i.prvTaskExitError                       0x08003328   Section        0  port.o(i.prvTaskExitError)
    prvTaskExitError                         0x08003329   Thumb Code    36  port.o(i.prvTaskExitError)
    i.pvPortMalloc                           0x08003350   Section        0  heap_4.o(i.pvPortMalloc)
    i.pxPortInitialiseStack                  0x0800342c   Section        0  port.o(i.pxPortInitialiseStack)
    i.readstring                             0x08003458   Section        0  coder.o(i.readstring)
    i.sqrt                                   0x08003508   Section        0  sqrt.o(i.sqrt)
    i.uxListRemove                           0x08003576   Section        0  list.o(i.uxListRemove)
    i.vApplicationGetIdleTaskMemory          0x0800359c   Section        0  freertos.o(i.vApplicationGetIdleTaskMemory)
    i.vListInitialise                        0x080035b0   Section        0  list.o(i.vListInitialise)
    i.vListInitialiseItem                    0x080035c6   Section        0  list.o(i.vListInitialiseItem)
    i.vListInsert                            0x080035cc   Section        0  list.o(i.vListInsert)
    i.vListInsertEnd                         0x080035fc   Section        0  list.o(i.vListInsertEnd)
    i.vPortEnterCritical                     0x08003614   Section        0  port.o(i.vPortEnterCritical)
    i.vPortExitCritical                      0x08003654   Section        0  port.o(i.vPortExitCritical)
    i.vPortFree                              0x0800367c   Section        0  heap_4.o(i.vPortFree)
    i.vPortSetupTimerInterrupt               0x080036e0   Section        0  port.o(i.vPortSetupTimerInterrupt)
    i.vTaskDelay                             0x08003704   Section        0  tasks.o(i.vTaskDelay)
    i.vTaskStartScheduler                    0x08003750   Section        0  tasks.o(i.vTaskStartScheduler)
    i.vTaskSuspendAll                        0x080037bc   Section        0  tasks.o(i.vTaskSuspendAll)
    i.vTaskSwitchContext                     0x080037cc   Section        0  tasks.o(i.vTaskSwitchContext)
    i.xPortStartScheduler                    0x08003828   Section        0  port.o(i.xPortStartScheduler)
    i.xPortSysTickHandler                    0x0800391c   Section        0  port.o(i.xPortSysTickHandler)
    i.xTaskCreate                            0x08003948   Section        0  tasks.o(i.xTaskCreate)
    i.xTaskCreateStatic                      0x080039a2   Section        0  tasks.o(i.xTaskCreateStatic)
    i.xTaskGetSchedulerState                 0x080039f8   Section        0  tasks.o(i.xTaskGetSchedulerState)
    i.xTaskIncrementTick                     0x08003a14   Section        0  tasks.o(i.xTaskIncrementTick)
    i.xTaskResumeAll                         0x08003ae0   Section        0  tasks.o(i.xTaskResumeAll)
    x$fpl$basic                              0x08003ba4   Section       24  basic.o(x$fpl$basic)
    $v0                                      0x08003ba4   Number         0  basic.o(x$fpl$basic)
    x$fpl$d2f                                0x08003bbc   Section       98  d2f.o(x$fpl$d2f)
    $v0                                      0x08003bbc   Number         0  d2f.o(x$fpl$d2f)
    x$fpl$dadd                               0x08003c20   Section      336  daddsub_clz.o(x$fpl$dadd)
    $v0                                      0x08003c20   Number         0  daddsub_clz.o(x$fpl$dadd)
    _dadd1                                   0x08003c31   Thumb Code     0  daddsub_clz.o(x$fpl$dadd)
    x$fpl$dcheck1                            0x08003d70   Section       16  dcheck1.o(x$fpl$dcheck1)
    $v0                                      0x08003d70   Number         0  dcheck1.o(x$fpl$dcheck1)
    x$fpl$dcmpinf                            0x08003d80   Section       24  dcmpi.o(x$fpl$dcmpinf)
    $v0                                      0x08003d80   Number         0  dcmpi.o(x$fpl$dcmpinf)
    x$fpl$ddiv                               0x08003d98   Section      688  ddiv.o(x$fpl$ddiv)
    $v0                                      0x08003d98   Number         0  ddiv.o(x$fpl$ddiv)
    ddiv_entry                               0x08003d9f   Thumb Code     0  ddiv.o(x$fpl$ddiv)
    x$fpl$dflt                               0x08004048   Section       46  dflt_clz.o(x$fpl$dflt)
    $v0                                      0x08004048   Number         0  dflt_clz.o(x$fpl$dflt)
    x$fpl$dleqf                              0x08004078   Section      120  dleqf.o(x$fpl$dleqf)
    $v0                                      0x08004078   Number         0  dleqf.o(x$fpl$dleqf)
    x$fpl$dmul                               0x080040f0   Section      340  dmul.o(x$fpl$dmul)
    $v0                                      0x080040f0   Number         0  dmul.o(x$fpl$dmul)
    x$fpl$dnaninf                            0x08004244   Section      156  dnaninf.o(x$fpl$dnaninf)
    $v0                                      0x08004244   Number         0  dnaninf.o(x$fpl$dnaninf)
    x$fpl$dretinf                            0x080042e0   Section       12  dretinf.o(x$fpl$dretinf)
    $v0                                      0x080042e0   Number         0  dretinf.o(x$fpl$dretinf)
    x$fpl$drleqf                             0x080042ec   Section      108  drleqf.o(x$fpl$drleqf)
    $v0                                      0x080042ec   Number         0  drleqf.o(x$fpl$drleqf)
    x$fpl$drsb                               0x08004358   Section       22  daddsub_clz.o(x$fpl$drsb)
    $v0                                      0x08004358   Number         0  daddsub_clz.o(x$fpl$drsb)
    x$fpl$dsqrt                              0x08004370   Section      408  dsqrt_umaal.o(x$fpl$dsqrt)
    $v0                                      0x08004370   Number         0  dsqrt_umaal.o(x$fpl$dsqrt)
    x$fpl$dsub                               0x08004508   Section      468  daddsub_clz.o(x$fpl$dsub)
    $v0                                      0x08004508   Number         0  daddsub_clz.o(x$fpl$dsub)
    _dsub1                                   0x08004519   Thumb Code     0  daddsub_clz.o(x$fpl$dsub)
    x$fpl$f2d                                0x080046dc   Section       86  f2d.o(x$fpl$f2d)
    $v0                                      0x080046dc   Number         0  f2d.o(x$fpl$f2d)
    x$fpl$fnaninf                            0x08004732   Section      140  fnaninf.o(x$fpl$fnaninf)
    $v0                                      0x08004732   Number         0  fnaninf.o(x$fpl$fnaninf)
    x$fpl$fpinit                             0x080047be   Section       10  fpinit.o(x$fpl$fpinit)
    $v0                                      0x080047be   Number         0  fpinit.o(x$fpl$fpinit)
    x$fpl$fretinf                            0x080047c8   Section       10  fretinf.o(x$fpl$fretinf)
    $v0                                      0x080047c8   Number         0  fretinf.o(x$fpl$fretinf)
    x$fpl$retnan                             0x080047d2   Section      100  retnan.o(x$fpl$retnan)
    $v0                                      0x080047d2   Number         0  retnan.o(x$fpl$retnan)
    x$fpl$scalbn                             0x08004836   Section       92  scalbn.o(x$fpl$scalbn)
    $v0                                      0x08004836   Number         0  scalbn.o(x$fpl$scalbn)
    x$fpl$trapveneer                         0x08004892   Section       48  trapv.o(x$fpl$trapveneer)
    $v0                                      0x08004892   Number         0  trapv.o(x$fpl$trapveneer)
    x$fpl$usenofp                            0x080048c2   Section        0  usenofp.o(x$fpl$usenofp)
    .constdata                               0x080048c4   Section       56  freertos.o(.constdata)
    .constdata                               0x080048fc   Section        8  stm32f4xx_hal_dma.o(.constdata)
    flagBitshiftOffset                       0x080048fc   Data           8  stm32f4xx_hal_dma.o(.constdata)
    .constdata                               0x08004904   Section       16  system_stm32f4xx.o(.constdata)
    .constdata                               0x08004914   Section        8  system_stm32f4xx.o(.constdata)
    .constdata                               0x08004920   Section      136  pow.o(.constdata)
    bp                                       0x08004920   Data          16  pow.o(.constdata)
    dp_h                                     0x08004930   Data          16  pow.o(.constdata)
    dp_l                                     0x08004940   Data          16  pow.o(.constdata)
    L                                        0x08004950   Data          48  pow.o(.constdata)
    P                                        0x08004980   Data          40  pow.o(.constdata)
    .constdata                               0x080049a8   Section        8  qnan.o(.constdata)
    .conststring                             0x080049b0   Section       23  freertos.o(.conststring)
    .data                                    0x20000000   Section        8  freertos.o(.data)
    .data                                    0x20000008   Section       12  stm32f4xx_hal.o(.data)
    .data                                    0x20000014   Section        4  system_stm32f4xx.o(.data)
    .data                                    0x20000018   Section       60  tasks.o(.data)
    uxDeletedTasksWaitingCleanUp             0x2000001c   Data           4  tasks.o(.data)
    uxCurrentNumberOfTasks                   0x20000020   Data           4  tasks.o(.data)
    xTickCount                               0x20000024   Data           4  tasks.o(.data)
    uxTopReadyPriority                       0x20000028   Data           4  tasks.o(.data)
    xSchedulerRunning                        0x2000002c   Data           4  tasks.o(.data)
    xPendedTicks                             0x20000030   Data           4  tasks.o(.data)
    xYieldPending                            0x20000034   Data           4  tasks.o(.data)
    xNumOfOverflows                          0x20000038   Data           4  tasks.o(.data)
    uxTaskNumber                             0x2000003c   Data           4  tasks.o(.data)
    xNextTaskUnblockTime                     0x20000040   Data           4  tasks.o(.data)
    xIdleTaskHandle                          0x20000044   Data           4  tasks.o(.data)
    uxSchedulerSuspended                     0x20000048   Data           4  tasks.o(.data)
    pxDelayedTaskList                        0x2000004c   Data           4  tasks.o(.data)
    pxOverflowDelayedTaskList                0x20000050   Data           4  tasks.o(.data)
    .data                                    0x20000054   Section       32  heap_4.o(.data)
    pxEnd                                    0x20000054   Data           4  heap_4.o(.data)
    xFreeBytesRemaining                      0x20000058   Data           4  heap_4.o(.data)
    xMinimumEverFreeBytesRemaining           0x2000005c   Data           4  heap_4.o(.data)
    xNumberOfSuccessfulAllocations           0x20000060   Data           4  heap_4.o(.data)
    xNumberOfSuccessfulFrees                 0x20000064   Data           4  heap_4.o(.data)
    xBlockAllocatedBit                       0x20000068   Data           4  heap_4.o(.data)
    xStart                                   0x2000006c   Data           8  heap_4.o(.data)
    .data                                    0x20000074   Section       12  port.o(.data)
    ucMaxSysCallPriority                     0x20000074   Data           1  port.o(.data)
    uxCriticalNesting                        0x20000078   Data           4  port.o(.data)
    ulMaxPRIGROUPValue                       0x2000007c   Data           4  port.o(.data)
    .data                                    0x20000080   Section       16  coder.o(.data)
    .bss                                     0x20000090   Section      596  freertos.o(.bss)
    xIdleTaskTCBBuffer                       0x20000090   Data          84  freertos.o(.bss)
    xIdleStack                               0x200000e4   Data         512  freertos.o(.bss)
    .bss                                     0x200002e4   Section       72  tim.o(.bss)
    .bss                                     0x2000032c   Section      164  usart.o(.bss)
    .bss                                     0x200003d0   Section      240  tasks.o(.bss)
    pxReadyTasksLists                        0x200003d0   Data         140  tasks.o(.bss)
    xDelayedTaskList1                        0x2000045c   Data          20  tasks.o(.bss)
    xDelayedTaskList2                        0x20000470   Data          20  tasks.o(.bss)
    xPendingReadyList                        0x20000484   Data          20  tasks.o(.bss)
    xTasksWaitingTermination                 0x20000498   Data          20  tasks.o(.bss)
    xSuspendedTaskList                       0x200004ac   Data          20  tasks.o(.bss)
    .bss                                     0x200004c0   Section    15360  heap_4.o(.bss)
    ucHeap                                   0x200004c0   Data       15360  heap_4.o(.bss)
    .bss                                     0x200040c0   Section       15  coder.o(.bss)
    .bss                                     0x200040d0   Section       96  libspace.o(.bss)
    HEAP                                     0x20004130   Section      512  startup_stm32f407xx.o(HEAP)
    Heap_Mem                                 0x20004130   Data         512  startup_stm32f407xx.o(HEAP)
    STACK                                    0x20004330   Section     1024  startup_stm32f407xx.o(STACK)
    Stack_Mem                                0x20004330   Data        1024  startup_stm32f407xx.o(STACK)
    __initial_sp                             0x20004730   Data           0  startup_stm32f407xx.o(STACK)

    Global Symbols

    Symbol Name                              Value     Ov Type        Size  Object(Section)

    BuildAttributes$$THM_ISAv4$E$P$D$K$B$S$7EM$VFPi3$EXTD16$VFPS$VFMA$PE$A:L22UL41UL21$X:L11$S22US41US21$IEEE1$IW$USESV6$~STKCKD$USESV7$~SHL$OTIME$ROPI$IEEEX$EBA8$UX$STANDARDLIB$REQ8$PRES8$EABIv2 0x00000000   Number         0  anon$$obj.o ABSOLUTE
    __ARM_use_no_argv                        0x00000000   Number         0  main.o ABSOLUTE
    __ARM_exceptions_init                     - Undefined Weak Reference
    __alloca_initialize                       - Undefined Weak Reference
    __arm_fini_                               - Undefined Weak Reference
    __arm_preinit_                            - Undefined Weak Reference
    __cpp_initialize__aeabi_                  - Undefined Weak Reference
    __cxa_finalize                            - Undefined Weak Reference
    __rt_locale                               - Undefined Weak Reference
    __sigvec_lookup                           - Undefined Weak Reference
    _atexit_init                              - Undefined Weak Reference
    _call_atexit_fns                          - Undefined Weak Reference
    _clock_init                               - Undefined Weak Reference
    _fp_trap_init                             - Undefined Weak Reference
    _fp_trap_shutdown                         - Undefined Weak Reference
    _get_lc_collate                           - Undefined Weak Reference
    _get_lc_ctype                             - Undefined Weak Reference
    _get_lc_monetary                          - Undefined Weak Reference
    _get_lc_numeric                           - Undefined Weak Reference
    _get_lc_time                              - Undefined Weak Reference
    _getenv_init                              - Undefined Weak Reference
    _handle_redirection                       - Undefined Weak Reference
    _init_alloc                               - Undefined Weak Reference
    _init_user_alloc                          - Undefined Weak Reference
    _initio                                   - Undefined Weak Reference
    _rand_init                                - Undefined Weak Reference
    _signal_finish                            - Undefined Weak Reference
    _signal_init                              - Undefined Weak Reference
    _terminate_alloc                          - Undefined Weak Reference
    _terminate_user_alloc                     - Undefined Weak Reference
    _terminateio                              - Undefined Weak Reference
    __Vectors_Size                           0x00000188   Number         0  startup_stm32f407xx.o ABSOLUTE
    __Vectors                                0x08000000   Data           4  startup_stm32f407xx.o(RESET)
    __Vectors_End                            0x08000188   Data           0  startup_stm32f407xx.o(RESET)
    __main                                   0x08000189   Thumb Code     8  __main.o(!!!main)
    __scatterload                            0x08000191   Thumb Code     0  __scatter.o(!!!scatter)
    __scatterload_rt2                        0x08000191   Thumb Code    44  __scatter.o(!!!scatter)
    __scatterload_rt2_thumb_only             0x08000191   Thumb Code     0  __scatter.o(!!!scatter)
    __scatterload_null                       0x0800019f   Thumb Code     0  __scatter.o(!!!scatter)
    __scatterload_copy                       0x080001c5   Thumb Code    26  __scatter_copy.o(!!handler_copy)
    __scatterload_zeroinit                   0x080001e1   Thumb Code    28  __scatter_zi.o(!!handler_zi)
    __rt_lib_init                            0x080001fd   Thumb Code     0  libinit.o(.ARM.Collect$$libinit$$00000000)
    __rt_lib_init_fp_1                       0x080001ff   Thumb Code     0  libinit2.o(.ARM.Collect$$libinit$$00000001)
    __rt_lib_init_alloca_1                   0x08000203   Thumb Code     0  libinit2.o(.ARM.Collect$$libinit$$0000002E)
    __rt_lib_init_argv_1                     0x08000203   Thumb Code     0  libinit2.o(.ARM.Collect$$libinit$$0000002C)
    __rt_lib_init_atexit_1                   0x08000203   Thumb Code     0  libinit2.o(.ARM.Collect$$libinit$$0000001B)
    __rt_lib_init_clock_1                    0x08000203   Thumb Code     0  libinit2.o(.ARM.Collect$$libinit$$00000021)
    __rt_lib_init_cpp_1                      0x08000203   Thumb Code     0  libinit2.o(.ARM.Collect$$libinit$$00000032)
    __rt_lib_init_exceptions_1               0x08000203   Thumb Code     0  libinit2.o(.ARM.Collect$$libinit$$00000030)
    __rt_lib_init_fp_trap_1                  0x08000203   Thumb Code     0  libinit2.o(.ARM.Collect$$libinit$$0000001F)
    __rt_lib_init_getenv_1                   0x08000203   Thumb Code     0  libinit2.o(.ARM.Collect$$libinit$$00000023)
    __rt_lib_init_heap_1                     0x08000203   Thumb Code     0  libinit2.o(.ARM.Collect$$libinit$$0000000A)
    __rt_lib_init_lc_collate_1               0x08000203   Thumb Code     0  libinit2.o(.ARM.Collect$$libinit$$00000011)
    __rt_lib_init_lc_ctype_1                 0x08000203   Thumb Code     0  libinit2.o(.ARM.Collect$$libinit$$00000013)
    __rt_lib_init_lc_monetary_1              0x08000203   Thumb Code     0  libinit2.o(.ARM.Collect$$libinit$$00000015)
    __rt_lib_init_lc_numeric_1               0x08000203   Thumb Code     0  libinit2.o(.ARM.Collect$$libinit$$00000017)
    __rt_lib_init_lc_time_1                  0x08000203   Thumb Code     0  libinit2.o(.ARM.Collect$$libinit$$00000019)
    __rt_lib_init_preinit_1                  0x08000203   Thumb Code     0  libinit2.o(.ARM.Collect$$libinit$$00000004)
    __rt_lib_init_rand_1                     0x08000203   Thumb Code     0  libinit2.o(.ARM.Collect$$libinit$$0000000E)
    __rt_lib_init_return                     0x08000203   Thumb Code     0  libinit2.o(.ARM.Collect$$libinit$$00000033)
    __rt_lib_init_signal_1                   0x08000203   Thumb Code     0  libinit2.o(.ARM.Collect$$libinit$$0000001D)
    __rt_lib_init_stdio_1                    0x08000203   Thumb Code     0  libinit2.o(.ARM.Collect$$libinit$$00000025)
    __rt_lib_init_user_alloc_1               0x08000203   Thumb Code     0  libinit2.o(.ARM.Collect$$libinit$$0000000C)
    __rt_lib_shutdown                        0x08000205   Thumb Code     0  libshutdown.o(.ARM.Collect$$libshutdown$$00000000)
    __rt_lib_shutdown_cpp_1                  0x08000207   Thumb Code     0  libshutdown2.o(.ARM.Collect$$libshutdown$$00000004)
    __rt_lib_shutdown_fini_1                 0x08000207   Thumb Code     0  libshutdown2.o(.ARM.Collect$$libshutdown$$00000002)
    __rt_lib_shutdown_fp_trap_1              0x08000207   Thumb Code     0  libshutdown2.o(.ARM.Collect$$libshutdown$$00000009)
    __rt_lib_shutdown_heap_1                 0x08000207   Thumb Code     0  libshutdown2.o(.ARM.Collect$$libshutdown$$00000011)
    __rt_lib_shutdown_return                 0x08000207   Thumb Code     0  libshutdown2.o(.ARM.Collect$$libshutdown$$00000012)
    __rt_lib_shutdown_signal_1               0x08000207   Thumb Code     0  libshutdown2.o(.ARM.Collect$$libshutdown$$0000000C)
    __rt_lib_shutdown_stdio_1                0x08000207   Thumb Code     0  libshutdown2.o(.ARM.Collect$$libshutdown$$00000006)
    __rt_lib_shutdown_user_alloc_1           0x08000207   Thumb Code     0  libshutdown2.o(.ARM.Collect$$libshutdown$$0000000E)
    __rt_entry                               0x08000209   Thumb Code     0  __rtentry.o(.ARM.Collect$$rtentry$$00000000)
    __rt_entry_presh_1                       0x08000209   Thumb Code     0  __rtentry2.o(.ARM.Collect$$rtentry$$00000002)
    __rt_entry_sh                            0x08000209   Thumb Code     0  __rtentry4.o(.ARM.Collect$$rtentry$$00000004)
    __rt_entry_li                            0x0800020f   Thumb Code     0  __rtentry2.o(.ARM.Collect$$rtentry$$0000000A)
    __rt_entry_postsh_1                      0x0800020f   Thumb Code     0  __rtentry2.o(.ARM.Collect$$rtentry$$00000009)
    __rt_entry_main                          0x08000213   Thumb Code     0  __rtentry2.o(.ARM.Collect$$rtentry$$0000000D)
    __rt_entry_postli_1                      0x08000213   Thumb Code     0  __rtentry2.o(.ARM.Collect$$rtentry$$0000000C)
    __rt_exit                                0x0800021b   Thumb Code     0  rtexit.o(.ARM.Collect$$rtexit$$00000000)
    __rt_exit_ls                             0x0800021d   Thumb Code     0  rtexit2.o(.ARM.Collect$$rtexit$$00000003)
    __rt_exit_prels_1                        0x0800021d   Thumb Code     0  rtexit2.o(.ARM.Collect$$rtexit$$00000002)
    __rt_exit_exit                           0x08000221   Thumb Code     0  rtexit2.o(.ARM.Collect$$rtexit$$00000004)
    SVC_Handler                              0x08000229   Thumb Code    28  port.o(.emb_text)
    __asm___6_port_c_39a90d8d__prvStartFirstTask 0x08000249   Thumb Code    36  port.o(.emb_text)
    __asm___6_port_c_39a90d8d__prvEnableVFP  0x08000271   Thumb Code    16  port.o(.emb_text)
    PendSV_Handler                           0x08000285   Thumb Code    88  port.o(.emb_text)
    vPortGetIPSR                             0x080002e1   Thumb Code     6  port.o(.emb_text)
    Reset_Handler                            0x080002e9   Thumb Code     8  startup_stm32f407xx.o(.text)
    ADC_IRQHandler                           0x08000303   Thumb Code     0  startup_stm32f407xx.o(.text)
    CAN1_RX0_IRQHandler                      0x08000303   Thumb Code     0  startup_stm32f407xx.o(.text)
    CAN1_RX1_IRQHandler                      0x08000303   Thumb Code     0  startup_stm32f407xx.o(.text)
    CAN1_SCE_IRQHandler                      0x08000303   Thumb Code     0  startup_stm32f407xx.o(.text)
    CAN1_TX_IRQHandler                       0x08000303   Thumb Code     0  startup_stm32f407xx.o(.text)
    CAN2_RX0_IRQHandler                      0x08000303   Thumb Code     0  startup_stm32f407xx.o(.text)
    CAN2_RX1_IRQHandler                      0x08000303   Thumb Code     0  startup_stm32f407xx.o(.text)
    CAN2_SCE_IRQHandler                      0x08000303   Thumb Code     0  startup_stm32f407xx.o(.text)
    CAN2_TX_IRQHandler                       0x08000303   Thumb Code     0  startup_stm32f407xx.o(.text)
    DCMI_IRQHandler                          0x08000303   Thumb Code     0  startup_stm32f407xx.o(.text)
    DMA1_Stream0_IRQHandler                  0x08000303   Thumb Code     0  startup_stm32f407xx.o(.text)
    DMA1_Stream1_IRQHandler                  0x08000303   Thumb Code     0  startup_stm32f407xx.o(.text)
    DMA1_Stream2_IRQHandler                  0x08000303   Thumb Code     0  startup_stm32f407xx.o(.text)
    DMA1_Stream3_IRQHandler                  0x08000303   Thumb Code     0  startup_stm32f407xx.o(.text)
    DMA1_Stream4_IRQHandler                  0x08000303   Thumb Code     0  startup_stm32f407xx.o(.text)
    DMA1_Stream5_IRQHandler                  0x08000303   Thumb Code     0  startup_stm32f407xx.o(.text)
    DMA1_Stream6_IRQHandler                  0x08000303   Thumb Code     0  startup_stm32f407xx.o(.text)
    DMA1_Stream7_IRQHandler                  0x08000303   Thumb Code     0  startup_stm32f407xx.o(.text)
    DMA2_Stream0_IRQHandler                  0x08000303   Thumb Code     0  startup_stm32f407xx.o(.text)
    DMA2_Stream1_IRQHandler                  0x08000303   Thumb Code     0  startup_stm32f407xx.o(.text)
    DMA2_Stream3_IRQHandler                  0x08000303   Thumb Code     0  startup_stm32f407xx.o(.text)
    DMA2_Stream4_IRQHandler                  0x08000303   Thumb Code     0  startup_stm32f407xx.o(.text)
    DMA2_Stream5_IRQHandler                  0x08000303   Thumb Code     0  startup_stm32f407xx.o(.text)
    DMA2_Stream6_IRQHandler                  0x08000303   Thumb Code     0  startup_stm32f407xx.o(.text)
    DMA2_Stream7_IRQHandler                  0x08000303   Thumb Code     0  startup_stm32f407xx.o(.text)
    ETH_IRQHandler                           0x08000303   Thumb Code     0  startup_stm32f407xx.o(.text)
    ETH_WKUP_IRQHandler                      0x08000303   Thumb Code     0  startup_stm32f407xx.o(.text)
    EXTI0_IRQHandler                         0x08000303   Thumb Code     0  startup_stm32f407xx.o(.text)
    EXTI15_10_IRQHandler                     0x08000303   Thumb Code     0  startup_stm32f407xx.o(.text)
    EXTI1_IRQHandler                         0x08000303   Thumb Code     0  startup_stm32f407xx.o(.text)
    EXTI2_IRQHandler                         0x08000303   Thumb Code     0  startup_stm32f407xx.o(.text)
    EXTI3_IRQHandler                         0x08000303   Thumb Code     0  startup_stm32f407xx.o(.text)
    EXTI4_IRQHandler                         0x08000303   Thumb Code     0  startup_stm32f407xx.o(.text)
    EXTI9_5_IRQHandler                       0x08000303   Thumb Code     0  startup_stm32f407xx.o(.text)
    FLASH_IRQHandler                         0x08000303   Thumb Code     0  startup_stm32f407xx.o(.text)
    FMC_IRQHandler                           0x08000303   Thumb Code     0  startup_stm32f407xx.o(.text)
    FPU_IRQHandler                           0x08000303   Thumb Code     0  startup_stm32f407xx.o(.text)
    HASH_RNG_IRQHandler                      0x08000303   Thumb Code     0  startup_stm32f407xx.o(.text)
    I2C1_ER_IRQHandler                       0x08000303   Thumb Code     0  startup_stm32f407xx.o(.text)
    I2C1_EV_IRQHandler                       0x08000303   Thumb Code     0  startup_stm32f407xx.o(.text)
    I2C2_ER_IRQHandler                       0x08000303   Thumb Code     0  startup_stm32f407xx.o(.text)
    I2C2_EV_IRQHandler                       0x08000303   Thumb Code     0  startup_stm32f407xx.o(.text)
    I2C3_ER_IRQHandler                       0x08000303   Thumb Code     0  startup_stm32f407xx.o(.text)
    I2C3_EV_IRQHandler                       0x08000303   Thumb Code     0  startup_stm32f407xx.o(.text)
    OTG_FS_IRQHandler                        0x08000303   Thumb Code     0  startup_stm32f407xx.o(.text)
    OTG_FS_WKUP_IRQHandler                   0x08000303   Thumb Code     0  startup_stm32f407xx.o(.text)
    OTG_HS_EP1_IN_IRQHandler                 0x08000303   Thumb Code     0  startup_stm32f407xx.o(.text)
    OTG_HS_EP1_OUT_IRQHandler                0x08000303   Thumb Code     0  startup_stm32f407xx.o(.text)
    OTG_HS_IRQHandler                        0x08000303   Thumb Code     0  startup_stm32f407xx.o(.text)
    OTG_HS_WKUP_IRQHandler                   0x08000303   Thumb Code     0  startup_stm32f407xx.o(.text)
    PVD_IRQHandler                           0x08000303   Thumb Code     0  startup_stm32f407xx.o(.text)
    RCC_IRQHandler                           0x08000303   Thumb Code     0  startup_stm32f407xx.o(.text)
    RTC_Alarm_IRQHandler                     0x08000303   Thumb Code     0  startup_stm32f407xx.o(.text)
    RTC_WKUP_IRQHandler                      0x08000303   Thumb Code     0  startup_stm32f407xx.o(.text)
    SDIO_IRQHandler                          0x08000303   Thumb Code     0  startup_stm32f407xx.o(.text)
    SPI1_IRQHandler                          0x08000303   Thumb Code     0  startup_stm32f407xx.o(.text)
    SPI2_IRQHandler                          0x08000303   Thumb Code     0  startup_stm32f407xx.o(.text)
    SPI3_IRQHandler                          0x08000303   Thumb Code     0  startup_stm32f407xx.o(.text)
    TAMP_STAMP_IRQHandler                    0x08000303   Thumb Code     0  startup_stm32f407xx.o(.text)
    TIM1_BRK_TIM9_IRQHandler                 0x08000303   Thumb Code     0  startup_stm32f407xx.o(.text)
    TIM1_CC_IRQHandler                       0x08000303   Thumb Code     0  startup_stm32f407xx.o(.text)
    TIM1_TRG_COM_TIM11_IRQHandler            0x08000303   Thumb Code     0  startup_stm32f407xx.o(.text)
    TIM1_UP_TIM10_IRQHandler                 0x08000303   Thumb Code     0  startup_stm32f407xx.o(.text)
    TIM2_IRQHandler                          0x08000303   Thumb Code     0  startup_stm32f407xx.o(.text)
    TIM3_IRQHandler                          0x08000303   Thumb Code     0  startup_stm32f407xx.o(.text)
    TIM4_IRQHandler                          0x08000303   Thumb Code     0  startup_stm32f407xx.o(.text)
    TIM5_IRQHandler                          0x08000303   Thumb Code     0  startup_stm32f407xx.o(.text)
    TIM6_DAC_IRQHandler                      0x08000303   Thumb Code     0  startup_stm32f407xx.o(.text)
    TIM7_IRQHandler                          0x08000303   Thumb Code     0  startup_stm32f407xx.o(.text)
    TIM8_BRK_TIM12_IRQHandler                0x08000303   Thumb Code     0  startup_stm32f407xx.o(.text)
    TIM8_CC_IRQHandler                       0x08000303   Thumb Code     0  startup_stm32f407xx.o(.text)
    TIM8_TRG_COM_TIM14_IRQHandler            0x08000303   Thumb Code     0  startup_stm32f407xx.o(.text)
    TIM8_UP_TIM13_IRQHandler                 0x08000303   Thumb Code     0  startup_stm32f407xx.o(.text)
    UART4_IRQHandler                         0x08000303   Thumb Code     0  startup_stm32f407xx.o(.text)
    UART5_IRQHandler                         0x08000303   Thumb Code     0  startup_stm32f407xx.o(.text)
    USART1_IRQHandler                        0x08000303   Thumb Code     0  startup_stm32f407xx.o(.text)
    USART2_IRQHandler                        0x08000303   Thumb Code     0  startup_stm32f407xx.o(.text)
    USART3_IRQHandler                        0x08000303   Thumb Code     0  startup_stm32f407xx.o(.text)
    USART6_IRQHandler                        0x08000303   Thumb Code     0  startup_stm32f407xx.o(.text)
    WWDG_IRQHandler                          0x08000303   Thumb Code     0  startup_stm32f407xx.o(.text)
    __user_initial_stackheap                 0x08000305   Thumb Code     0  startup_stm32f407xx.o(.text)
    __aeabi_uldivmod                         0x08000329   Thumb Code     0  lludivv7m.o(.text)
    _ll_udiv                                 0x08000329   Thumb Code   238  lludivv7m.o(.text)
    __aeabi_memcpy4                          0x08000417   Thumb Code     0  rt_memcpy_w.o(.text)
    __aeabi_memcpy8                          0x08000417   Thumb Code     0  rt_memcpy_w.o(.text)
    __rt_memcpy_w                            0x08000417   Thumb Code   100  rt_memcpy_w.o(.text)
    _memcpy_lastbytes_aligned                0x0800045f   Thumb Code     0  rt_memcpy_w.o(.text)
    __aeabi_memclr4                          0x0800047b   Thumb Code     0  rt_memclr_w.o(.text)
    __aeabi_memclr8                          0x0800047b   Thumb Code     0  rt_memclr_w.o(.text)
    __rt_memclr_w                            0x0800047b   Thumb Code    78  rt_memclr_w.o(.text)
    _memset_w                                0x0800047f   Thumb Code     0  rt_memclr_w.o(.text)
    __use_two_region_memory                  0x080004c9   Thumb Code     2  heapauxi.o(.text)
    __rt_heap_escrow$2region                 0x080004cb   Thumb Code     2  heapauxi.o(.text)
    __rt_heap_expand$2region                 0x080004cd   Thumb Code     2  heapauxi.o(.text)
    __read_errno                             0x080004cf   Thumb Code    10  _rserrno.o(.text)
    __set_errno                              0x080004d9   Thumb Code    12  _rserrno.o(.text)
    __aeabi_errno_addr                       0x080004e5   Thumb Code     8  rt_errno_addr_intlibspace.o(.text)
    __errno$intlibspace                      0x080004e5   Thumb Code     0  rt_errno_addr_intlibspace.o(.text)
    __rt_errno_addr$intlibspace              0x080004e5   Thumb Code     0  rt_errno_addr_intlibspace.o(.text)
    __user_libspace                          0x080004ed   Thumb Code     8  libspace.o(.text)
    __user_perproc_libspace                  0x080004ed   Thumb Code     0  libspace.o(.text)
    __user_perthread_libspace                0x080004ed   Thumb Code     0  libspace.o(.text)
    __user_setup_stackheap                   0x080004f5   Thumb Code    74  sys_stackheap_outer.o(.text)
    exit                                     0x0800053f   Thumb Code    18  exit.o(.text)
    _sys_exit                                0x08000551   Thumb Code     8  sys_exit.o(.text)
    __I$use$semihosting                      0x0800055d   Thumb Code     0  use_no_semi.o(.text)
    __use_no_semihosting_swi                 0x0800055d   Thumb Code     2  use_no_semi.o(.text)
    BusFault_Handler                         0x0800055f   Thumb Code     2  stm32f4xx_it.o(i.BusFault_Handler)
    __semihosting_library_function           0x0800055f   Thumb Code     0  indicate_semi.o(.text)
    DMA2_Stream2_IRQHandler                  0x08000561   Thumb Code     6  stm32f4xx_it.o(i.DMA2_Stream2_IRQHandler)
    DebugMon_Handler                         0x08000611   Thumb Code     2  stm32f4xx_it.o(i.DebugMon_Handler)
    Error_Handler                            0x08000613   Thumb Code     4  main.o(i.Error_Handler)
    HAL_DMA_IRQHandler                       0x08000619   Thumb Code   412  stm32f4xx_hal_dma.o(i.HAL_DMA_IRQHandler)
    HAL_DMA_Init                             0x080007b9   Thumb Code   206  stm32f4xx_hal_dma.o(i.HAL_DMA_Init)
    HAL_DMA_Start_IT                         0x0800088d   Thumb Code   110  stm32f4xx_hal_dma.o(i.HAL_DMA_Start_IT)
    HAL_GPIO_Init                            0x080008fd   Thumb Code   450  stm32f4xx_hal_gpio.o(i.HAL_GPIO_Init)
    HAL_GPIO_TogglePin                       0x08000aed   Thumb Code    16  stm32f4xx_hal_gpio.o(i.HAL_GPIO_TogglePin)
    HAL_GPIO_WritePin                        0x08000afd   Thumb Code    10  stm32f4xx_hal_gpio.o(i.HAL_GPIO_WritePin)
    HAL_GetTick                              0x08000b09   Thumb Code     6  stm32f4xx_hal.o(i.HAL_GetTick)
    HAL_IncTick                              0x08000b15   Thumb Code    12  stm32f4xx_hal.o(i.HAL_IncTick)
    HAL_Init                                 0x08000b25   Thumb Code    48  stm32f4xx_hal.o(i.HAL_Init)
    HAL_InitTick                             0x08000b59   Thumb Code    54  stm32f4xx_hal.o(i.HAL_InitTick)
    HAL_MspInit                              0x08000b99   Thumb Code    52  stm32f4xx_hal_msp.o(i.HAL_MspInit)
    HAL_NVIC_EnableIRQ                       0x08000bd1   Thumb Code    26  stm32f4xx_hal_cortex.o(i.HAL_NVIC_EnableIRQ)
    HAL_NVIC_SetPriority                     0x08000bed   Thumb Code    60  stm32f4xx_hal_cortex.o(i.HAL_NVIC_SetPriority)
    HAL_NVIC_SetPriorityGrouping             0x08000c2d   Thumb Code    26  stm32f4xx_hal_cortex.o(i.HAL_NVIC_SetPriorityGrouping)
    HAL_RCC_ClockConfig                      0x08000c51   Thumb Code   288  stm32f4xx_hal_rcc.o(i.HAL_RCC_ClockConfig)
    HAL_RCC_GetPCLK1Freq                     0x08000d85   Thumb Code    20  stm32f4xx_hal_rcc.o(i.HAL_RCC_GetPCLK1Freq)
    HAL_RCC_GetPCLK2Freq                     0x08000da5   Thumb Code    20  stm32f4xx_hal_rcc.o(i.HAL_RCC_GetPCLK2Freq)
    HAL_RCC_GetSysClockFreq                  0x08000dc5   Thumb Code    88  stm32f4xx_hal_rcc.o(i.HAL_RCC_GetSysClockFreq)
    HAL_RCC_OscConfig                        0x08000e29   Thumb Code   856  stm32f4xx_hal_rcc.o(i.HAL_RCC_OscConfig)
    HAL_SYSTICK_Config                       0x08001195   Thumb Code    40  stm32f4xx_hal_cortex.o(i.HAL_SYSTICK_Config)
    HAL_TIMEx_ConfigBreakDeadTime            0x080011bd   Thumb Code    84  stm32f4xx_hal_tim_ex.o(i.HAL_TIMEx_ConfigBreakDeadTime)
    HAL_TIMEx_MasterConfigSynchronization    0x08001211   Thumb Code   116  stm32f4xx_hal_tim_ex.o(i.HAL_TIMEx_MasterConfigSynchronization)
    HAL_TIM_Base_Init                        0x080012a1   Thumb Code    90  stm32f4xx_hal_tim.o(i.HAL_TIM_Base_Init)
    HAL_TIM_Base_MspInit                     0x080012fd   Thumb Code    30  tim.o(i.HAL_TIM_Base_MspInit)
    HAL_TIM_Base_Start                       0x08001325   Thumb Code    90  stm32f4xx_hal_tim.o(i.HAL_TIM_Base_Start)
    HAL_TIM_ConfigClockSource                0x0800139d   Thumb Code   220  stm32f4xx_hal_tim.o(i.HAL_TIM_ConfigClockSource)
    HAL_TIM_MspPostInit                      0x08001479   Thumb Code    72  tim.o(i.HAL_TIM_MspPostInit)
    HAL_TIM_PWM_ConfigChannel                0x080014cd   Thumb Code   204  stm32f4xx_hal_tim.o(i.HAL_TIM_PWM_ConfigChannel)
    HAL_TIM_PWM_Init                         0x08001599   Thumb Code    90  stm32f4xx_hal_tim.o(i.HAL_TIM_PWM_Init)
    HAL_TIM_PWM_MspInit                      0x080015f3   Thumb Code     2  stm32f4xx_hal_tim.o(i.HAL_TIM_PWM_MspInit)
    HAL_TIM_PWM_Start                        0x080015f5   Thumb Code   172  stm32f4xx_hal_tim.o(i.HAL_TIM_PWM_Start)
    HAL_UARTEx_RxEventCallback               0x080016bd   Thumb Code     2  stm32f4xx_hal_uart.o(i.HAL_UARTEx_RxEventCallback)
    HAL_UART_ErrorCallback                   0x080016bf   Thumb Code     2  stm32f4xx_hal_uart.o(i.HAL_UART_ErrorCallback)
    HAL_UART_Init                            0x080016c1   Thumb Code    98  stm32f4xx_hal_uart.o(i.HAL_UART_Init)
    HAL_UART_MspInit                         0x08001725   Thumb Code   158  usart.o(i.HAL_UART_MspInit)
    HAL_UART_Receive_DMA                     0x080017d9   Thumb Code    42  stm32f4xx_hal_uart.o(i.HAL_UART_Receive_DMA)
    HAL_UART_RxCpltCallback                  0x08001805   Thumb Code    84  coder.o(i.HAL_UART_RxCpltCallback)
    HAL_UART_RxHalfCpltCallback              0x08001869   Thumb Code     2  stm32f4xx_hal_uart.o(i.HAL_UART_RxHalfCpltCallback)
    HardFault_Handler                        0x0800186b   Thumb Code     2  stm32f4xx_it.o(i.HardFault_Handler)
    MX_DMA_Init                              0x0800186d   Thumb Code    40  dma.o(i.MX_DMA_Init)
    MX_FREERTOS_Init                         0x08001899   Thumb Code    52  freertos.o(i.MX_FREERTOS_Init)
    MX_GPIO_Init                             0x080018d5   Thumb Code   118  gpio.o(i.MX_GPIO_Init)
    MX_TIM1_Init                             0x08001955   Thumb Code   196  tim.o(i.MX_TIM1_Init)
    MX_USART1_UART_Init                      0x08001a21   Thumb Code    48  usart.o(i.MX_USART1_UART_Init)
    MemManage_Handler                        0x08001a59   Thumb Code     2  stm32f4xx_it.o(i.MemManage_Handler)
    NMI_Handler                              0x08001a5b   Thumb Code     2  stm32f4xx_it.o(i.NMI_Handler)
    StartDefaultTask                         0x08001a5d   Thumb Code     8  freertos.o(i.StartDefaultTask)
    SysTick_Handler                          0x08001a65   Thumb Code    24  stm32f4xx_it.o(i.SysTick_Handler)
    SystemClock_Config                       0x08001a7d   Thumb Code   140  main.o(i.SystemClock_Config)
    SystemInit                               0x08001b11   Thumb Code    12  system_stm32f4xx.o(i.SystemInit)
    TIM_Base_SetConfig                       0x08001b21   Thumb Code   156  stm32f4xx_hal_tim.o(i.TIM_Base_SetConfig)
    TIM_CCxChannelCmd                        0x08001be9   Thumb Code    26  stm32f4xx_hal_tim.o(i.TIM_CCxChannelCmd)
    TIM_ETR_SetConfig                        0x08001c03   Thumb Code    20  stm32f4xx_hal_tim.o(i.TIM_ETR_SetConfig)
    TIM_OC2_SetConfig                        0x08001c89   Thumb Code    98  stm32f4xx_hal_tim.o(i.TIM_OC2_SetConfig)
    UART_Start_Receive_DMA                   0x08002051   Thumb Code   130  stm32f4xx_hal_uart.o(i.UART_Start_Receive_DMA)
    UsageFault_Handler                       0x080020e1   Thumb Code     2  stm32f4xx_it.o(i.UsageFault_Handler)
    __ARM_fpclassify                         0x080020e3   Thumb Code    48  fpclassify.o(i.__ARM_fpclassify)
    __hardfp_pow                             0x08002139   Thumb Code  3072  pow.o(i.__hardfp_pow)
    __kernel_poly                            0x08002d89   Thumb Code   248  poly.o(i.__kernel_poly)
    __mathlib_dbl_divzero                    0x08002e81   Thumb Code    28  dunder.o(i.__mathlib_dbl_divzero)
    __mathlib_dbl_infnan2                    0x08002eb1   Thumb Code    20  dunder.o(i.__mathlib_dbl_infnan2)
    __mathlib_dbl_invalid                    0x08002ec9   Thumb Code    24  dunder.o(i.__mathlib_dbl_invalid)
    __mathlib_dbl_overflow                   0x08002ee9   Thumb Code    24  dunder.o(i.__mathlib_dbl_overflow)
    __mathlib_dbl_underflow                  0x08002f09   Thumb Code    24  dunder.o(i.__mathlib_dbl_underflow)
    coder                                    0x08002f29   Thumb Code    14  coder.o(i.coder)
    fabs                                     0x08002f41   Thumb Code    24  fabs.o(i.fabs)
    main                                     0x08002f59   Thumb Code    48  main.o(i.main)
    osDelay                                  0x08002f99   Thumb Code    14  cmsis_os.o(i.osDelay)
    osKernelStart                            0x08002fa7   Thumb Code    10  cmsis_os.o(i.osKernelStart)
    osThreadCreate                           0x08002fb1   Thumb Code    84  cmsis_os.o(i.osThreadCreate)
    pvPortMalloc                             0x08003351   Thumb Code   216  heap_4.o(i.pvPortMalloc)
    pxPortInitialiseStack                    0x0800342d   Thumb Code    40  port.o(i.pxPortInitialiseStack)
    readstring                               0x08003459   Thumb Code   164  coder.o(i.readstring)
    sqrt                                     0x08003509   Thumb Code   110  sqrt.o(i.sqrt)
    uxListRemove                             0x08003577   Thumb Code    38  list.o(i.uxListRemove)
    vApplicationGetIdleTaskMemory            0x0800359d   Thumb Code    16  freertos.o(i.vApplicationGetIdleTaskMemory)
    vListInitialise                          0x080035b1   Thumb Code    22  list.o(i.vListInitialise)
    vListInitialiseItem                      0x080035c7   Thumb Code     6  list.o(i.vListInitialiseItem)
    vListInsert                              0x080035cd   Thumb Code    48  list.o(i.vListInsert)
    vListInsertEnd                           0x080035fd   Thumb Code    24  list.o(i.vListInsertEnd)
    vPortEnterCritical                       0x08003615   Thumb Code    54  port.o(i.vPortEnterCritical)
    vPortExitCritical                        0x08003655   Thumb Code    34  port.o(i.vPortExitCritical)
    vPortFree                                0x0800367d   Thumb Code    94  heap_4.o(i.vPortFree)
    vPortSetupTimerInterrupt                 0x080036e1   Thumb Code    32  port.o(i.vPortSetupTimerInterrupt)
    vTaskDelay                               0x08003705   Thumb Code    66  tasks.o(i.vTaskDelay)
    vTaskStartScheduler                      0x08003751   Thumb Code    90  tasks.o(i.vTaskStartScheduler)
    vTaskSuspendAll                          0x080037bd   Thumb Code    10  tasks.o(i.vTaskSuspendAll)
    vTaskSwitchContext                       0x080037cd   Thumb Code    82  tasks.o(i.vTaskSwitchContext)
    xPortStartScheduler                      0x08003829   Thumb Code   222  port.o(i.xPortStartScheduler)
    xPortSysTickHandler                      0x0800391d   Thumb Code    38  port.o(i.xPortSysTickHandler)
    xTaskCreate                              0x08003949   Thumb Code    90  tasks.o(i.xTaskCreate)
    xTaskCreateStatic                        0x080039a3   Thumb Code    86  tasks.o(i.xTaskCreateStatic)
    xTaskGetSchedulerState                   0x080039f9   Thumb Code    22  tasks.o(i.xTaskGetSchedulerState)
    xTaskIncrementTick                       0x08003a15   Thumb Code   194  tasks.o(i.xTaskIncrementTick)
    xTaskResumeAll                           0x08003ae1   Thumb Code   182  tasks.o(i.xTaskResumeAll)
    __aeabi_dneg                             0x08003ba5   Thumb Code     0  basic.o(x$fpl$basic)
    _dneg                                    0x08003ba5   Thumb Code     6  basic.o(x$fpl$basic)
    __aeabi_fneg                             0x08003bab   Thumb Code     0  basic.o(x$fpl$basic)
    _fneg                                    0x08003bab   Thumb Code     6  basic.o(x$fpl$basic)
    _dabs                                    0x08003bb1   Thumb Code     6  basic.o(x$fpl$basic)
    _fabs                                    0x08003bb7   Thumb Code     6  basic.o(x$fpl$basic)
    __aeabi_d2f                              0x08003bbd   Thumb Code     0  d2f.o(x$fpl$d2f)
    _d2f                                     0x08003bbd   Thumb Code    98  d2f.o(x$fpl$d2f)
    __aeabi_dadd                             0x08003c21   Thumb Code     0  daddsub_clz.o(x$fpl$dadd)
    _dadd                                    0x08003c21   Thumb Code   332  daddsub_clz.o(x$fpl$dadd)
    __fpl_dcheck_NaN1                        0x08003d71   Thumb Code    10  dcheck1.o(x$fpl$dcheck1)
    __fpl_dcmp_Inf                           0x08003d81   Thumb Code    24  dcmpi.o(x$fpl$dcmpinf)
    __aeabi_ddiv                             0x08003d99   Thumb Code     0  ddiv.o(x$fpl$ddiv)
    _ddiv                                    0x08003d99   Thumb Code   552  ddiv.o(x$fpl$ddiv)
    __aeabi_i2d                              0x08004049   Thumb Code     0  dflt_clz.o(x$fpl$dflt)
    _dflt                                    0x08004049   Thumb Code    46  dflt_clz.o(x$fpl$dflt)
    __aeabi_cdcmple                          0x08004079   Thumb Code     0  dleqf.o(x$fpl$dleqf)
    _dcmple                                  0x08004079   Thumb Code   120  dleqf.o(x$fpl$dleqf)
    __fpl_dcmple_InfNaN                      0x080040db   Thumb Code     0  dleqf.o(x$fpl$dleqf)
    __aeabi_dmul                             0x080040f1   Thumb Code     0  dmul.o(x$fpl$dmul)
    _dmul                                    0x080040f1   Thumb Code   332  dmul.o(x$fpl$dmul)
    __fpl_dnaninf                            0x08004245   Thumb Code   156  dnaninf.o(x$fpl$dnaninf)
    __fpl_dretinf                            0x080042e1   Thumb Code    12  dretinf.o(x$fpl$dretinf)
    __aeabi_cdrcmple                         0x080042ed   Thumb Code     0  drleqf.o(x$fpl$drleqf)
    _drcmple                                 0x080042ed   Thumb Code   108  drleqf.o(x$fpl$drleqf)
    __aeabi_drsub                            0x08004359   Thumb Code     0  daddsub_clz.o(x$fpl$drsb)
    _drsb                                    0x08004359   Thumb Code    22  daddsub_clz.o(x$fpl$drsb)
    _dsqrt                                   0x08004371   Thumb Code   404  dsqrt_umaal.o(x$fpl$dsqrt)
    __aeabi_dsub                             0x08004509   Thumb Code     0  daddsub_clz.o(x$fpl$dsub)
    _dsub                                    0x08004509   Thumb Code   464  daddsub_clz.o(x$fpl$dsub)
    __aeabi_f2d                              0x080046dd   Thumb Code     0  f2d.o(x$fpl$f2d)
    _f2d                                     0x080046dd   Thumb Code    86  f2d.o(x$fpl$f2d)
    __fpl_fnaninf                            0x08004733   Thumb Code   140  fnaninf.o(x$fpl$fnaninf)
    _fp_init                                 0x080047bf   Thumb Code    10  fpinit.o(x$fpl$fpinit)
    __fplib_config_fpu_vfp                   0x080047c7   Thumb Code     0  fpinit.o(x$fpl$fpinit)
    __fplib_config_pureend_doubles           0x080047c7   Thumb Code     0  fpinit.o(x$fpl$fpinit)
    __fpl_fretinf                            0x080047c9   Thumb Code    10  fretinf.o(x$fpl$fretinf)
    __fpl_return_NaN                         0x080047d3   Thumb Code   100  retnan.o(x$fpl$retnan)
    __ARM_scalbn                             0x08004837   Thumb Code    92  scalbn.o(x$fpl$scalbn)
    __fpl_cmpreturn                          0x08004893   Thumb Code    48  trapv.o(x$fpl$trapveneer)
    __I$use$fp                               0x080048c2   Number         0  usenofp.o(x$fpl$usenofp)
    AHBPrescTable                            0x08004904   Data          16  system_stm32f4xx.o(.constdata)
    APBPrescTable                            0x08004914   Data           8  system_stm32f4xx.o(.constdata)
    __mathlib_zero                           0x080049a8   Data           8  qnan.o(.constdata)
    Region$$Table$$Base                      0x080049c8   Number         0  anon$$obj.o(Region$$Table)
    Region$$Table$$Limit                     0x080049e8   Number         0  anon$$obj.o(Region$$Table)
    defaultTaskHandle                        0x20000000   Data           4  freertos.o(.data)
    coder_taskHandle                         0x20000004   Data           4  freertos.o(.data)
    uwTickFreq                               0x20000008   Data           1  stm32f4xx_hal.o(.data)
    uwTickPrio                               0x2000000c   Data           4  stm32f4xx_hal.o(.data)
    uwTick                                   0x20000010   Data           4  stm32f4xx_hal.o(.data)
    SystemCoreClock                          0x20000014   Data           4  system_stm32f4xx.o(.data)
    pxCurrentTCB                             0x20000018   Data           4  tasks.o(.data)
    RD                                       0x20000080   Data           1  coder.o(.data)
    cnt                                      0x20000084   Data           4  coder.o(.data)
    i                                        0x20000088   Data           4  coder.o(.data)
    angle                                    0x2000008c   Data           4  coder.o(.data)
    htim1                                    0x200002e4   Data          72  tim.o(.bss)
    huart1                                   0x2000032c   Data          68  usart.o(.bss)
    hdma_usart1_rx                           0x20000370   Data          96  usart.o(.bss)
    data                                     0x200040c0   Data          15  coder.o(.bss)
    __libspace_start                         0x200040d0   Data          96  libspace.o(.bss)
    __temporary_stack_top$libspace           0x20004130   Data           0  libspace.o(.bss)



==============================================================================

Memory Map of the image

  Image Entry point : 0x08000189

  Load Region LR_IROM1 (Base: 0x08000000, Size: 0x00004a78, Max: 0x00100000, ABSOLUTE)

    Execution Region ER_IROM1 (Exec base: 0x08000000, Load base: 0x08000000, Size: 0x000049e8, Max: 0x00100000, ABSOLUTE)

    Exec Addr    Load Addr    Size         Type   Attr      Idx    E Section Name        Object

    0x08000000   0x08000000   0x00000188   Data   RO            3    RESET               startup_stm32f407xx.o
    0x08000188   0x08000188   0x00000008   Code   RO         4620  * !!!main             c_w.l(__main.o)
    0x08000190   0x08000190   0x00000034   Code   RO         4898    !!!scatter          c_w.l(__scatter.o)
    0x080001c4   0x080001c4   0x0000001a   Code   RO         4900    !!handler_copy      c_w.l(__scatter_copy.o)
    0x080001de   0x080001de   0x00000002   PAD
    0x080001e0   0x080001e0   0x0000001c   Code   RO         4902    !!handler_zi        c_w.l(__scatter_zi.o)
    0x080001fc   0x080001fc   0x00000002   Code   RO         4763    .ARM.Collect$$libinit$$00000000  c_w.l(libinit.o)
    0x080001fe   0x080001fe   0x00000004   Code   RO         4776    .ARM.Collect$$libinit$$00000001  c_w.l(libinit2.o)
    0x08000202   0x08000202   0x00000000   Code   RO         4779    .ARM.Collect$$libinit$$00000004  c_w.l(libinit2.o)
    0x08000202   0x08000202   0x00000000   Code   RO         4782    .ARM.Collect$$libinit$$0000000A  c_w.l(libinit2.o)
    0x08000202   0x08000202   0x00000000   Code   RO         4784    .ARM.Collect$$libinit$$0000000C  c_w.l(libinit2.o)
    0x08000202   0x08000202   0x00000000   Code   RO         4786    .ARM.Collect$$libinit$$0000000E  c_w.l(libinit2.o)
    0x08000202   0x08000202   0x00000000   Code   RO         4789    .ARM.Collect$$libinit$$00000011  c_w.l(libinit2.o)
    0x08000202   0x08000202   0x00000000   Code   RO         4791    .ARM.Collect$$libinit$$00000013  c_w.l(libinit2.o)
    0x08000202   0x08000202   0x00000000   Code   RO         4793    .ARM.Collect$$libinit$$00000015  c_w.l(libinit2.o)
    0x08000202   0x08000202   0x00000000   Code   RO         4795    .ARM.Collect$$libinit$$00000017  c_w.l(libinit2.o)
    0x08000202   0x08000202   0x00000000   Code   RO         4797    .ARM.Collect$$libinit$$00000019  c_w.l(libinit2.o)
    0x08000202   0x08000202   0x00000000   Code   RO         4799    .ARM.Collect$$libinit$$0000001B  c_w.l(libinit2.o)
    0x08000202   0x08000202   0x00000000   Code   RO         4801    .ARM.Collect$$libinit$$0000001D  c_w.l(libinit2.o)
    0x08000202   0x08000202   0x00000000   Code   RO         4803    .ARM.Collect$$libinit$$0000001F  c_w.l(libinit2.o)
    0x08000202   0x08000202   0x00000000   Code   RO         4805    .ARM.Collect$$libinit$$00000021  c_w.l(libinit2.o)
    0x08000202   0x08000202   0x00000000   Code   RO         4807    .ARM.Collect$$libinit$$00000023  c_w.l(libinit2.o)
    0x08000202   0x08000202   0x00000000   Code   RO         4809    .ARM.Collect$$libinit$$00000025  c_w.l(libinit2.o)
    0x08000202   0x08000202   0x00000000   Code   RO         4813    .ARM.Collect$$libinit$$0000002C  c_w.l(libinit2.o)
    0x08000202   0x08000202   0x00000000   Code   RO         4815    .ARM.Collect$$libinit$$0000002E  c_w.l(libinit2.o)
    0x08000202   0x08000202   0x00000000   Code   RO         4817    .ARM.Collect$$libinit$$00000030  c_w.l(libinit2.o)
    0x08000202   0x08000202   0x00000000   Code   RO         4819    .ARM.Collect$$libinit$$00000032  c_w.l(libinit2.o)
    0x08000202   0x08000202   0x00000002   Code   RO         4820    .ARM.Collect$$libinit$$00000033  c_w.l(libinit2.o)
    0x08000204   0x08000204   0x00000002   Code   RO         4853    .ARM.Collect$$libshutdown$$00000000  c_w.l(libshutdown.o)
    0x08000206   0x08000206   0x00000000   Code   RO         4879    .ARM.Collect$$libshutdown$$00000002  c_w.l(libshutdown2.o)
    0x08000206   0x08000206   0x00000000   Code   RO         4881    .ARM.Collect$$libshutdown$$00000004  c_w.l(libshutdown2.o)
    0x08000206   0x08000206   0x00000000   Code   RO         4883    .ARM.Collect$$libshutdown$$00000006  c_w.l(libshutdown2.o)
    0x08000206   0x08000206   0x00000000   Code   RO         4886    .ARM.Collect$$libshutdown$$00000009  c_w.l(libshutdown2.o)
    0x08000206   0x08000206   0x00000000   Code   RO         4889    .ARM.Collect$$libshutdown$$0000000C  c_w.l(libshutdown2.o)
    0x08000206   0x08000206   0x00000000   Code   RO         4891    .ARM.Collect$$libshutdown$$0000000E  c_w.l(libshutdown2.o)
    0x08000206   0x08000206   0x00000000   Code   RO         4894    .ARM.Collect$$libshutdown$$00000011  c_w.l(libshutdown2.o)
    0x08000206   0x08000206   0x00000002   Code   RO         4895    .ARM.Collect$$libshutdown$$00000012  c_w.l(libshutdown2.o)
    0x08000208   0x08000208   0x00000000   Code   RO         4654    .ARM.Collect$$rtentry$$00000000  c_w.l(__rtentry.o)
    0x08000208   0x08000208   0x00000000   Code   RO         4720    .ARM.Collect$$rtentry$$00000002  c_w.l(__rtentry2.o)
    0x08000208   0x08000208   0x00000006   Code   RO         4732    .ARM.Collect$$rtentry$$00000004  c_w.l(__rtentry4.o)
    0x0800020e   0x0800020e   0x00000000   Code   RO         4722    .ARM.Collect$$rtentry$$00000009  c_w.l(__rtentry2.o)
    0x0800020e   0x0800020e   0x00000004   Code   RO         4723    .ARM.Collect$$rtentry$$0000000A  c_w.l(__rtentry2.o)
    0x08000212   0x08000212   0x00000000   Code   RO         4725    .ARM.Collect$$rtentry$$0000000C  c_w.l(__rtentry2.o)
    0x08000212   0x08000212   0x00000008   Code   RO         4726    .ARM.Collect$$rtentry$$0000000D  c_w.l(__rtentry2.o)
    0x0800021a   0x0800021a   0x00000002   Code   RO         4768    .ARM.Collect$$rtexit$$00000000  c_w.l(rtexit.o)
    0x0800021c   0x0800021c   0x00000000   Code   RO         4826    .ARM.Collect$$rtexit$$00000002  c_w.l(rtexit2.o)
    0x0800021c   0x0800021c   0x00000004   Code   RO         4827    .ARM.Collect$$rtexit$$00000003  c_w.l(rtexit2.o)
    0x08000220   0x08000220   0x00000006   Code   RO         4828    .ARM.Collect$$rtexit$$00000004  c_w.l(rtexit2.o)
    0x08000226   0x08000226   0x00000002   PAD
    0x08000228   0x08000228   0x000000be   Code   RO         4429    .emb_text           port.o
    0x080002e6   0x080002e6   0x00000002   PAD
    0x080002e8   0x080002e8   0x00000040   Code   RO            4    .text               startup_stm32f407xx.o
    0x08000328   0x08000328   0x000000ee   Code   RO         4608    .text               c_w.l(lludivv7m.o)
    0x08000416   0x08000416   0x00000064   Code   RO         4612    .text               c_w.l(rt_memcpy_w.o)
    0x0800047a   0x0800047a   0x0000004e   Code   RO         4616    .text               c_w.l(rt_memclr_w.o)
    0x080004c8   0x080004c8   0x00000006   Code   RO         4618    .text               c_w.l(heapauxi.o)
    0x080004ce   0x080004ce   0x00000016   Code   RO         4659    .text               c_w.l(_rserrno.o)
    0x080004e4   0x080004e4   0x00000008   Code   RO         4739    .text               c_w.l(rt_errno_addr_intlibspace.o)
    0x080004ec   0x080004ec   0x00000008   Code   RO         4747    .text               c_w.l(libspace.o)
    0x080004f4   0x080004f4   0x0000004a   Code   RO         4750    .text               c_w.l(sys_stackheap_outer.o)
    0x0800053e   0x0800053e   0x00000012   Code   RO         4752    .text               c_w.l(exit.o)
    0x08000550   0x08000550   0x0000000c   Code   RO         4823    .text               c_w.l(sys_exit.o)
    0x0800055c   0x0800055c   0x00000002   Code   RO         4842    .text               c_w.l(use_no_semi.o)
    0x0800055e   0x0800055e   0x00000000   Code   RO         4844    .text               c_w.l(indicate_semi.o)
    0x0800055e   0x0800055e   0x00000002   Code   RO          615    i.BusFault_Handler  stm32f4xx_it.o
    0x08000560   0x08000560   0x0000000c   Code   RO          616    i.DMA2_Stream2_IRQHandler  stm32f4xx_it.o
    0x0800056c   0x0800056c   0x00000028   Code   RO         1171    i.DMA_CalcBaseAndBitshift  stm32f4xx_hal_dma.o
    0x08000594   0x08000594   0x00000054   Code   RO         1172    i.DMA_CheckFifoParam  stm32f4xx_hal_dma.o
    0x080005e8   0x080005e8   0x00000028   Code   RO         1173    i.DMA_SetConfig     stm32f4xx_hal_dma.o
    0x08000610   0x08000610   0x00000002   Code   RO          617    i.DebugMon_Handler  stm32f4xx_it.o
    0x08000612   0x08000612   0x00000004   Code   RO           13    i.Error_Handler     main.o
    0x08000616   0x08000616   0x00000002   PAD
    0x08000618   0x08000618   0x000001a0   Code   RO         1179    i.HAL_DMA_IRQHandler  stm32f4xx_hal_dma.o
    0x080007b8   0x080007b8   0x000000d4   Code   RO         1180    i.HAL_DMA_Init      stm32f4xx_hal_dma.o
    0x0800088c   0x0800088c   0x0000006e   Code   RO         1184    i.HAL_DMA_Start_IT  stm32f4xx_hal_dma.o
    0x080008fa   0x080008fa   0x00000002   PAD
    0x080008fc   0x080008fc   0x000001f0   Code   RO         1067    i.HAL_GPIO_Init     stm32f4xx_hal_gpio.o
    0x08000aec   0x08000aec   0x00000010   Code   RO         1070    i.HAL_GPIO_TogglePin  stm32f4xx_hal_gpio.o
    0x08000afc   0x08000afc   0x0000000a   Code   RO         1071    i.HAL_GPIO_WritePin  stm32f4xx_hal_gpio.o
    0x08000b06   0x08000b06   0x00000002   PAD
    0x08000b08   0x08000b08   0x0000000c   Code   RO         1599    i.HAL_GetTick       stm32f4xx_hal.o
    0x08000b14   0x08000b14   0x00000010   Code   RO         1605    i.HAL_IncTick       stm32f4xx_hal.o
    0x08000b24   0x08000b24   0x00000034   Code   RO         1606    i.HAL_Init          stm32f4xx_hal.o
    0x08000b58   0x08000b58   0x00000040   Code   RO         1607    i.HAL_InitTick      stm32f4xx_hal.o
    0x08000b98   0x08000b98   0x00000038   Code   RO          688    i.HAL_MspInit       stm32f4xx_hal_msp.o
    0x08000bd0   0x08000bd0   0x0000001a   Code   RO         1456    i.HAL_NVIC_EnableIRQ  stm32f4xx_hal_cortex.o
    0x08000bea   0x08000bea   0x00000002   PAD
    0x08000bec   0x08000bec   0x00000040   Code   RO         1462    i.HAL_NVIC_SetPriority  stm32f4xx_hal_cortex.o
    0x08000c2c   0x08000c2c   0x00000024   Code   RO         1463    i.HAL_NVIC_SetPriorityGrouping  stm32f4xx_hal_cortex.o
    0x08000c50   0x08000c50   0x00000134   Code   RO          713    i.HAL_RCC_ClockConfig  stm32f4xx_hal_rcc.o
    0x08000d84   0x08000d84   0x00000020   Code   RO          720    i.HAL_RCC_GetPCLK1Freq  stm32f4xx_hal_rcc.o
    0x08000da4   0x08000da4   0x00000020   Code   RO          721    i.HAL_RCC_GetPCLK2Freq  stm32f4xx_hal_rcc.o
    0x08000dc4   0x08000dc4   0x00000064   Code   RO          722    i.HAL_RCC_GetSysClockFreq  stm32f4xx_hal_rcc.o
    0x08000e28   0x08000e28   0x0000036c   Code   RO          725    i.HAL_RCC_OscConfig  stm32f4xx_hal_rcc.o
    0x08001194   0x08001194   0x00000028   Code   RO         1467    i.HAL_SYSTICK_Config  stm32f4xx_hal_cortex.o
    0x080011bc   0x080011bc   0x00000054   Code   RO         2553    i.HAL_TIMEx_ConfigBreakDeadTime  stm32f4xx_hal_tim_ex.o
    0x08001210   0x08001210   0x00000090   Code   RO         2569    i.HAL_TIMEx_MasterConfigSynchronization  stm32f4xx_hal_tim_ex.o
    0x080012a0   0x080012a0   0x0000005a   Code   RO         1846    i.HAL_TIM_Base_Init  stm32f4xx_hal_tim.o
    0x080012fa   0x080012fa   0x00000002   PAD
    0x080012fc   0x080012fc   0x00000028   Code   RO          436    i.HAL_TIM_Base_MspInit  tim.o
    0x08001324   0x08001324   0x00000078   Code   RO         1849    i.HAL_TIM_Base_Start  stm32f4xx_hal_tim.o
    0x0800139c   0x0800139c   0x000000dc   Code   RO         1855    i.HAL_TIM_ConfigClockSource  stm32f4xx_hal_tim.o
    0x08001478   0x08001478   0x00000054   Code   RO          437    i.HAL_TIM_MspPostInit  tim.o
    0x080014cc   0x080014cc   0x000000cc   Code   RO         1918    i.HAL_TIM_PWM_ConfigChannel  stm32f4xx_hal_tim.o
    0x08001598   0x08001598   0x0000005a   Code   RO         1921    i.HAL_TIM_PWM_Init  stm32f4xx_hal_tim.o
    0x080015f2   0x080015f2   0x00000002   Code   RO         1923    i.HAL_TIM_PWM_MspInit  stm32f4xx_hal_tim.o
    0x080015f4   0x080015f4   0x000000c8   Code   RO         1926    i.HAL_TIM_PWM_Start  stm32f4xx_hal_tim.o
    0x080016bc   0x080016bc   0x00000002   Code   RO         2828    i.HAL_UARTEx_RxEventCallback  stm32f4xx_hal_uart.o
    0x080016be   0x080016be   0x00000002   Code   RO         2842    i.HAL_UART_ErrorCallback  stm32f4xx_hal_uart.o
    0x080016c0   0x080016c0   0x00000062   Code   RO         2846    i.HAL_UART_Init     stm32f4xx_hal_uart.o
    0x08001722   0x08001722   0x00000002   PAD
    0x08001724   0x08001724   0x000000b4   Code   RO          484    i.HAL_UART_MspInit  usart.o
    0x080017d8   0x080017d8   0x0000002a   Code   RO         2850    i.HAL_UART_Receive_DMA  stm32f4xx_hal_uart.o
    0x08001802   0x08001802   0x00000002   PAD
    0x08001804   0x08001804   0x00000064   Code   RO         4509    i.HAL_UART_RxCpltCallback  coder.o
    0x08001868   0x08001868   0x00000002   Code   RO         2853    i.HAL_UART_RxHalfCpltCallback  stm32f4xx_hal_uart.o
    0x0800186a   0x0800186a   0x00000002   Code   RO          618    i.HardFault_Handler  stm32f4xx_it.o
    0x0800186c   0x0800186c   0x0000002c   Code   RO          408    i.MX_DMA_Init       dma.o
    0x08001898   0x08001898   0x0000003c   Code   RO          319    i.MX_FREERTOS_Init  freertos.o
    0x080018d4   0x080018d4   0x00000080   Code   RO          202    i.MX_GPIO_Init      gpio.o
    0x08001954   0x08001954   0x000000cc   Code   RO          438    i.MX_TIM1_Init      tim.o
    0x08001a20   0x08001a20   0x00000038   Code   RO          485    i.MX_USART1_UART_Init  usart.o
    0x08001a58   0x08001a58   0x00000002   Code   RO          619    i.MemManage_Handler  stm32f4xx_it.o
    0x08001a5a   0x08001a5a   0x00000002   Code   RO          620    i.NMI_Handler       stm32f4xx_it.o
    0x08001a5c   0x08001a5c   0x00000008   Code   RO          320    i.StartDefaultTask  freertos.o
    0x08001a64   0x08001a64   0x00000018   Code   RO          621    i.SysTick_Handler   stm32f4xx_it.o
    0x08001a7c   0x08001a7c   0x00000094   Code   RO           14    i.SystemClock_Config  main.o
    0x08001b10   0x08001b10   0x00000010   Code   RO         3175    i.SystemInit        system_stm32f4xx.o
    0x08001b20   0x08001b20   0x000000c8   Code   RO         1939    i.TIM_Base_SetConfig  stm32f4xx_hal_tim.o
    0x08001be8   0x08001be8   0x0000001a   Code   RO         1940    i.TIM_CCxChannelCmd  stm32f4xx_hal_tim.o
    0x08001c02   0x08001c02   0x00000014   Code   RO         1950    i.TIM_ETR_SetConfig  stm32f4xx_hal_tim.o
    0x08001c16   0x08001c16   0x00000010   Code   RO         1951    i.TIM_ITRx_SetConfig  stm32f4xx_hal_tim.o
    0x08001c26   0x08001c26   0x00000002   PAD
    0x08001c28   0x08001c28   0x00000060   Code   RO         1952    i.TIM_OC1_SetConfig  stm32f4xx_hal_tim.o
    0x08001c88   0x08001c88   0x0000006c   Code   RO         1953    i.TIM_OC2_SetConfig  stm32f4xx_hal_tim.o
    0x08001cf4   0x08001cf4   0x00000068   Code   RO         1954    i.TIM_OC3_SetConfig  stm32f4xx_hal_tim.o
    0x08001d5c   0x08001d5c   0x00000050   Code   RO         1955    i.TIM_OC4_SetConfig  stm32f4xx_hal_tim.o
    0x08001dac   0x08001dac   0x00000022   Code   RO         1957    i.TIM_TI1_ConfigInputStage  stm32f4xx_hal_tim.o
    0x08001dce   0x08001dce   0x00000024   Code   RO         1959    i.TIM_TI2_ConfigInputStage  stm32f4xx_hal_tim.o
    0x08001df2   0x08001df2   0x0000004a   Code   RO         2860    i.UART_DMAError     stm32f4xx_hal_uart.o
    0x08001e3c   0x08001e3c   0x00000082   Code   RO         2861    i.UART_DMAReceiveCplt  stm32f4xx_hal_uart.o
    0x08001ebe   0x08001ebe   0x0000001a   Code   RO         2863    i.UART_DMARxHalfCplt  stm32f4xx_hal_uart.o
    0x08001ed8   0x08001ed8   0x0000004e   Code   RO         2869    i.UART_EndRxTransfer  stm32f4xx_hal_uart.o
    0x08001f26   0x08001f26   0x0000001c   Code   RO         2870    i.UART_EndTxTransfer  stm32f4xx_hal_uart.o
    0x08001f42   0x08001f42   0x00000002   PAD
    0x08001f44   0x08001f44   0x0000010c   Code   RO         2872    i.UART_SetConfig    stm32f4xx_hal_uart.o
    0x08002050   0x08002050   0x00000090   Code   RO         2873    i.UART_Start_Receive_DMA  stm32f4xx_hal_uart.o
    0x080020e0   0x080020e0   0x00000002   Code   RO          622    i.UsageFault_Handler  stm32f4xx_it.o
    0x080020e2   0x080020e2   0x00000030   Code   RO         4702    i.__ARM_fpclassify  m_wm.l(fpclassify.o)
    0x08002112   0x08002112   0x00000020   Code   RO         1469    i.__NVIC_SetPriority  stm32f4xx_hal_cortex.o
    0x08002132   0x08002132   0x00000006   PAD
    0x08002138   0x08002138   0x00000c50   Code   RO         4640    i.__hardfp_pow      m_wm.l(pow.o)
    0x08002d88   0x08002d88   0x000000f8   Code   RO         4704    i.__kernel_poly     m_wm.l(poly.o)
    0x08002e80   0x08002e80   0x00000030   Code   RO         4682    i.__mathlib_dbl_divzero  m_wm.l(dunder.o)
    0x08002eb0   0x08002eb0   0x00000014   Code   RO         4684    i.__mathlib_dbl_infnan2  m_wm.l(dunder.o)
    0x08002ec4   0x08002ec4   0x00000004   PAD
    0x08002ec8   0x08002ec8   0x00000020   Code   RO         4685    i.__mathlib_dbl_invalid  m_wm.l(dunder.o)
    0x08002ee8   0x08002ee8   0x00000020   Code   RO         4686    i.__mathlib_dbl_overflow  m_wm.l(dunder.o)
    0x08002f08   0x08002f08   0x00000020   Code   RO         4688    i.__mathlib_dbl_underflow  m_wm.l(dunder.o)
    0x08002f28   0x08002f28   0x00000018   Code   RO         4510    i.coder             coder.o
    0x08002f40   0x08002f40   0x00000018   Code   RO         4698    i.fabs              m_wm.l(fabs.o)
    0x08002f58   0x08002f58   0x00000034   Code   RO           15    i.main              main.o
    0x08002f8c   0x08002f8c   0x0000000c   Code   RO         3995    i.makeFreeRtosPriority  cmsis_os.o
    0x08002f98   0x08002f98   0x0000000e   Code   RO         3997    i.osDelay           cmsis_os.o
    0x08002fa6   0x08002fa6   0x0000000a   Code   RO         4000    i.osKernelStart     cmsis_os.o
    0x08002fb0   0x08002fb0   0x00000054   Code   RO         4034    i.osThreadCreate    cmsis_os.o
    0x08003004   0x08003004   0x00000070   Code   RO         3677    i.prvAddCurrentTaskToDelayedList  tasks.o
    0x08003074   0x08003074   0x000000d0   Code   RO         3678    i.prvAddNewTaskToReadyList  tasks.o
    0x08003144   0x08003144   0x00000034   Code   RO         3679    i.prvDeleteTCB      tasks.o
    0x08003178   0x08003178   0x0000004c   Code   RO         4362    i.prvHeapInit       heap_4.o
    0x080031c4   0x080031c4   0x00000060   Code   RO         3680    i.prvIdleTask       tasks.o
    0x08003224   0x08003224   0x00000098   Code   RO         3681    i.prvInitialiseNewTask  tasks.o
    0x080032bc   0x080032bc   0x0000004c   Code   RO         4363    i.prvInsertBlockIntoFreeList  heap_4.o
    0x08003308   0x08003308   0x00000020   Code   RO         3682    i.prvResetNextTaskUnblockTime  tasks.o
    0x08003328   0x08003328   0x00000028   Code   RO         4430    i.prvTaskExitError  port.o
    0x08003350   0x08003350   0x000000dc   Code   RO         4364    i.pvPortMalloc      heap_4.o
    0x0800342c   0x0800342c   0x0000002c   Code   RO         4431    i.pxPortInitialiseStack  port.o
    0x08003458   0x08003458   0x000000b0   Code   RO         4511    i.readstring        coder.o
    0x08003508   0x08003508   0x0000006e   Code   RO         4709    i.sqrt              m_wm.l(sqrt.o)
    0x08003576   0x08003576   0x00000026   Code   RO         3313    i.uxListRemove      list.o
    0x0800359c   0x0800359c   0x00000014   Code   RO          321    i.vApplicationGetIdleTaskMemory  freertos.o
    0x080035b0   0x080035b0   0x00000016   Code   RO         3314    i.vListInitialise   list.o
    0x080035c6   0x080035c6   0x00000006   Code   RO         3315    i.vListInitialiseItem  list.o
    0x080035cc   0x080035cc   0x00000030   Code   RO         3316    i.vListInsert       list.o
    0x080035fc   0x080035fc   0x00000018   Code   RO         3317    i.vListInsertEnd    list.o
    0x08003614   0x08003614   0x00000040   Code   RO         4433    i.vPortEnterCritical  port.o
    0x08003654   0x08003654   0x00000028   Code   RO         4434    i.vPortExitCritical  port.o
    0x0800367c   0x0800367c   0x00000064   Code   RO         4365    i.vPortFree         heap_4.o
    0x080036e0   0x080036e0   0x00000024   Code   RO         4435    i.vPortSetupTimerInterrupt  port.o
    0x08003704   0x08003704   0x0000004c   Code   RO         3691    i.vTaskDelay        tasks.o
    0x08003750   0x08003750   0x0000006c   Code   RO         3704    i.vTaskStartScheduler  tasks.o
    0x080037bc   0x080037bc   0x00000010   Code   RO         3706    i.vTaskSuspendAll   tasks.o
    0x080037cc   0x080037cc   0x0000005c   Code   RO         3707    i.vTaskSwitchContext  tasks.o
    0x08003828   0x08003828   0x000000f4   Code   RO         4437    i.xPortStartScheduler  port.o
    0x0800391c   0x0800391c   0x0000002c   Code   RO         4438    i.xPortSysTickHandler  port.o
    0x08003948   0x08003948   0x0000005a   Code   RO         3710    i.xTaskCreate       tasks.o
    0x080039a2   0x080039a2   0x00000056   Code   RO         3711    i.xTaskCreateStatic  tasks.o
    0x080039f8   0x080039f8   0x0000001c   Code   RO         3715    i.xTaskGetSchedulerState  tasks.o
    0x08003a14   0x08003a14   0x000000cc   Code   RO         3718    i.xTaskIncrementTick  tasks.o
    0x08003ae0   0x08003ae0   0x000000c4   Code   RO         3724    i.xTaskResumeAll    tasks.o
    0x08003ba4   0x08003ba4   0x00000018   Code   RO         4663    x$fpl$basic         fz_wm.l(basic.o)
    0x08003bbc   0x08003bbc   0x00000062   Code   RO         4622    x$fpl$d2f           fz_wm.l(d2f.o)
    0x08003c1e   0x08003c1e   0x00000002   PAD
    0x08003c20   0x08003c20   0x00000150   Code   RO         4624    x$fpl$dadd          fz_wm.l(daddsub_clz.o)
    0x08003d70   0x08003d70   0x00000010   Code   RO         4741    x$fpl$dcheck1       fz_wm.l(dcheck1.o)
    0x08003d80   0x08003d80   0x00000018   Code   RO         4764    x$fpl$dcmpinf       fz_wm.l(dcmpi.o)
    0x08003d98   0x08003d98   0x000002b0   Code   RO         4666    x$fpl$ddiv          fz_wm.l(ddiv.o)
    0x08004048   0x08004048   0x0000002e   Code   RO         4631    x$fpl$dflt          fz_wm.l(dflt_clz.o)
    0x08004076   0x08004076   0x00000002   PAD
    0x08004078   0x08004078   0x00000078   Code   RO         4743    x$fpl$dleqf         fz_wm.l(dleqf.o)
    0x080040f0   0x080040f0   0x00000154   Code   RO         4636    x$fpl$dmul          fz_wm.l(dmul.o)
    0x08004244   0x08004244   0x0000009c   Code   RO         4669    x$fpl$dnaninf       fz_wm.l(dnaninf.o)
    0x080042e0   0x080042e0   0x0000000c   Code   RO         4671    x$fpl$dretinf       fz_wm.l(dretinf.o)
    0x080042ec   0x080042ec   0x0000006c   Code   RO         4673    x$fpl$drleqf        fz_wm.l(drleqf.o)
    0x08004358   0x08004358   0x00000016   Code   RO         4625    x$fpl$drsb          fz_wm.l(daddsub_clz.o)
    0x0800436e   0x0800436e   0x00000002   PAD
    0x08004370   0x08004370   0x00000198   Code   RO         4745    x$fpl$dsqrt         fz_wm.l(dsqrt_umaal.o)
    0x08004508   0x08004508   0x000001d4   Code   RO         4626    x$fpl$dsub          fz_wm.l(daddsub_clz.o)
    0x080046dc   0x080046dc   0x00000056   Code   RO         4638    x$fpl$f2d           fz_wm.l(f2d.o)
    0x08004732   0x08004732   0x0000008c   Code   RO         4675    x$fpl$fnaninf       fz_wm.l(fnaninf.o)
    0x080047be   0x080047be   0x0000000a   Code   RO         4838    x$fpl$fpinit        fz_wm.l(fpinit.o)
    0x080047c8   0x080047c8   0x0000000a   Code   RO         4677    x$fpl$fretinf       fz_wm.l(fretinf.o)
    0x080047d2   0x080047d2   0x00000064   Code   RO         4766    x$fpl$retnan        fz_wm.l(retnan.o)
    0x08004836   0x08004836   0x0000005c   Code   RO         4679    x$fpl$scalbn        fz_wm.l(scalbn.o)
    0x08004892   0x08004892   0x00000030   Code   RO         4821    x$fpl$trapveneer    fz_wm.l(trapv.o)
    0x080048c2   0x080048c2   0x00000000   Code   RO         4681    x$fpl$usenofp       fz_wm.l(usenofp.o)
    0x080048c2   0x080048c2   0x00000002   PAD
    0x080048c4   0x080048c4   0x00000038   Data   RO          323    .constdata          freertos.o
    0x080048fc   0x080048fc   0x00000008   Data   RO         1186    .constdata          stm32f4xx_hal_dma.o
    0x08004904   0x08004904   0x00000010   Data   RO         3176    .constdata          system_stm32f4xx.o
    0x08004914   0x08004914   0x00000008   Data   RO         3177    .constdata          system_stm32f4xx.o
    0x0800491c   0x0800491c   0x00000004   PAD
    0x08004920   0x08004920   0x00000088   Data   RO         4643    .constdata          m_wm.l(pow.o)
    0x080049a8   0x080049a8   0x00000008   Data   RO         4706    .constdata          m_wm.l(qnan.o)
    0x080049b0   0x080049b0   0x00000017   Data   RO          324    .conststring        freertos.o
    0x080049c7   0x080049c7   0x00000001   PAD
    0x080049c8   0x080049c8   0x00000020   Data   RO         4896    Region$$Table       anon$$obj.o


    Execution Region RW_IRAM2 (Exec base: 0x10000000, Load base: 0x08004a78, Size: 0x00000000, Max: 0x00010000, ABSOLUTE)

    **** No section assigned to this execution region ****


    Execution Region RW_IRAM1 (Exec base: 0x20000000, Load base: 0x080049e8, Size: 0x00004730, Max: 0x00020000, ABSOLUTE)

    Exec Addr    Load Addr    Size         Type   Attr      Idx    E Section Name        Object

    0x20000000   0x080049e8   0x00000008   Data   RW          325    .data               freertos.o
    0x20000008   0x080049f0   0x0000000c   Data   RW         1613    .data               stm32f4xx_hal.o
    0x20000014   0x080049fc   0x00000004   Data   RW         3178    .data               system_stm32f4xx.o
    0x20000018   0x08004a00   0x0000003c   Data   RW         3727    .data               tasks.o
    0x20000054   0x08004a3c   0x00000020   Data   RW         4371    .data               heap_4.o
    0x20000074   0x08004a5c   0x0000000c   Data   RW         4439    .data               port.o
    0x20000080   0x08004a68   0x00000010   Data   RW         4513    .data               coder.o
    0x20000090        -       0x00000254   Zero   RW          322    .bss                freertos.o
    0x200002e4        -       0x00000048   Zero   RW          439    .bss                tim.o
    0x2000032c        -       0x000000a4   Zero   RW          486    .bss                usart.o
    0x200003d0        -       0x000000f0   Zero   RW         3726    .bss                tasks.o
    0x200004c0        -       0x00003c00   Zero   RW         4370    .bss                heap_4.o
    0x200040c0        -       0x0000000f   Zero   RW         4512    .bss                coder.o
    0x200040cf   0x08004a78   0x00000001   PAD
    0x200040d0        -       0x00000060   Zero   RW         4748    .bss                c_w.l(libspace.o)
    0x20004130        -       0x00000200   Zero   RW            2    HEAP                startup_stm32f407xx.o
    0x20004330        -       0x00000400   Zero   RW            1    STACK               startup_stm32f407xx.o


==============================================================================

Image component sizes


      Code (inc. data)   RO Data    RW Data    ZI Data      Debug   Object Name

       120          0          0          0          0      23089   cmsis_os.o
       300         38          0         16         15       2625   coder.o
        44          4          0          0          0        730   dma.o
         0          0          0          0          0      16796   event_groups.o
        88         12         79          8        596      33883   freertos.o
       128         10          0          0          0     685799   gpio.o
       472         24          0         32      15360       7259   heap_4.o
       138          0          0          0          0       3414   list.o
       204         12          0          0          0      69984   main.o
       702         72          0         12          0      10756   port.o
        64         26        392          0       1536        820   startup_stm32f407xx.o
       144         24          0         12          0       8613   stm32f4xx_hal.o
       198         14          0          0          0      33815   stm32f4xx_hal_cortex.o
       902         16          8          0          0       5655   stm32f4xx_hal_dma.o
       522         46          0          0          0       2749   stm32f4xx_hal_gpio.o
        56          4          0          0          0        822   stm32f4xx_hal_msp.o
      1348         76          0          0          0       5108   stm32f4xx_hal_rcc.o
      1646        138          0          0          0      13325   stm32f4xx_hal_tim.o
       228         28          0          0          0       2100   stm32f4xx_hal_tim_ex.o
       894         24          0          0          0       8184   stm32f4xx_hal_uart.o
        48          6          0          0          0       3629   stm32f4xx_it.o
         0          0          0          0          0        392   stream_buffer.o
        16          4         24          4          0       1063   system_stm32f4xx.o
      1548        118          0         60        240      19735   tasks.o
       328         30          0          0         72       2324   tim.o
       236         30          0          0        164     588673   usart.o

    ----------------------------------------------------------------------
     10400        756        540        144      17984    1551342   Object Totals
         0          0         32          0          0          0   (incl. Generated)
        26          0          5          0          1          0   (incl. Padding)

    ----------------------------------------------------------------------

      Code (inc. data)   RO Data    RW Data    ZI Data      Debug   Library Member Name

         8          0          0          0          0         68   __main.o
         0          0          0          0          0          0   __rtentry.o
        12          0          0          0          0          0   __rtentry2.o
         6          0          0          0          0          0   __rtentry4.o
        52          8          0          0          0          0   __scatter.o
        26          0          0          0          0          0   __scatter_copy.o
        28          0          0          0          0          0   __scatter_zi.o
        22          0          0          0          0        100   _rserrno.o
        18          0          0          0          0         80   exit.o
         6          0          0          0          0        152   heapauxi.o
         0          0          0          0          0          0   indicate_semi.o
         2          0          0          0          0          0   libinit.o
         6          0          0          0          0          0   libinit2.o
         2          0          0          0          0          0   libshutdown.o
         2          0          0          0          0          0   libshutdown2.o
         8          4          0          0         96         68   libspace.o
       238          0          0          0          0        100   lludivv7m.o
         8          4          0          0          0         68   rt_errno_addr_intlibspace.o
        78          0          0          0          0         80   rt_memclr_w.o
       100          0          0          0          0         80   rt_memcpy_w.o
         2          0          0          0          0          0   rtexit.o
        10          0          0          0          0          0   rtexit2.o
        12          4          0          0          0         68   sys_exit.o
        74          0          0          0          0         80   sys_stackheap_outer.o
         2          0          0          0          0         68   use_no_semi.o
        24          0          0          0          0        164   basic.o
        98          4          0          0          0        140   d2f.o
       826         16          0          0          0        492   daddsub_clz.o
        16          4          0          0          0        116   dcheck1.o
        24          0          0          0          0        116   dcmpi.o
       688        140          0          0          0        256   ddiv.o
        46          0          0          0          0        116   dflt_clz.o
       120          4          0          0          0        140   dleqf.o
       340         12          0          0          0        152   dmul.o
       156          4          0          0          0        140   dnaninf.o
        12          0          0          0          0        116   dretinf.o
       108          0          0          0          0        128   drleqf.o
       408         56          0          0          0        168   dsqrt_umaal.o
        86          4          0          0          0        132   f2d.o
       140          4          0          0          0        132   fnaninf.o
        10          0          0          0          0        116   fpinit.o
        10          0          0          0          0        116   fretinf.o
       100          0          0          0          0        116   retnan.o
        92          0          0          0          0        116   scalbn.o
        48          0          0          0          0        116   trapv.o
         0          0          0          0          0          0   usenofp.o
       164         44          0          0          0        620   dunder.o
        24          0          0          0          0        124   fabs.o
        48          0          0          0          0        124   fpclassify.o
       248          0          0          0          0        152   poly.o
      3152        296        136          0          0        352   pow.o
         0          0          8          0          0          0   qnan.o
       110          0          0          0          0        148   sqrt.o

    ----------------------------------------------------------------------
      7836        608        144          0         96       5620   Library Totals
        16          0          0          0          0          0   (incl. Padding)

    ----------------------------------------------------------------------

      Code (inc. data)   RO Data    RW Data    ZI Data      Debug   Library Name

       722         20          0          0         96       1012   c_w.l
      3352        248          0          0          0       3088   fz_wm.l
      3746        340        144          0          0       1520   m_wm.l

    ----------------------------------------------------------------------
      7836        608        144          0         96       5620   Library Totals

    ----------------------------------------------------------------------

==============================================================================


      Code (inc. data)   RO Data    RW Data    ZI Data      Debug   

     18236       1364        684        144      18080    1542546   Grand Totals
     18236       1364        684        144      18080    1542546   ELF Image Totals
     18236       1364        684        144          0          0   ROM Totals

==============================================================================

    Total RO  Size (Code + RO Data)                18920 (  18.48kB)
    Total RW  Size (RW Data + ZI Data)             18224 (  17.80kB)
    Total ROM Size (Code + RO Data + RW Data)      19064 (  18.62kB)

==============================================================================

